Archive member included to satisfy reference by file (symbol)

c:/st/stm32cubeide_1.6.1/stm32cubeide/plugins/com.st.stm32cube.ide.mcu.externaltools.gnu-tools-for-stm32.9-2020-q2-update.win32_1.5.0.202011040924/tools/bin/../lib/gcc/arm-none-eabi/9.3.1/../../../../arm-none-eabi/lib/thumb/v7e-m+fp/hard\libc_nano.a(lib_a-errno.o)
                              Core/Src/syscalls.o (__errno)
c:/st/stm32cubeide_1.6.1/stm32cubeide/plugins/com.st.stm32cube.ide.mcu.externaltools.gnu-tools-for-stm32.9-2020-q2-update.win32_1.5.0.202011040924/tools/bin/../lib/gcc/arm-none-eabi/9.3.1/../../../../arm-none-eabi/lib/thumb/v7e-m+fp/hard\libc_nano.a(lib_a-exit.o)
                              c:/st/stm32cubeide_1.6.1/stm32cubeide/plugins/com.st.stm32cube.ide.mcu.externaltools.gnu-tools-for-stm32.9-2020-q2-update.win32_1.5.0.202011040924/tools/bin/../lib/gcc/arm-none-eabi/9.3.1/../../../../arm-none-eabi/lib/thumb/v7e-m+fp/hard/crt0.o (exit)
c:/st/stm32cubeide_1.6.1/stm32cubeide/plugins/com.st.stm32cube.ide.mcu.externaltools.gnu-tools-for-stm32.9-2020-q2-update.win32_1.5.0.202011040924/tools/bin/../lib/gcc/arm-none-eabi/9.3.1/../../../../arm-none-eabi/lib/thumb/v7e-m+fp/hard\libc_nano.a(lib_a-impure.o)
                              c:/st/stm32cubeide_1.6.1/stm32cubeide/plugins/com.st.stm32cube.ide.mcu.externaltools.gnu-tools-for-stm32.9-2020-q2-update.win32_1.5.0.202011040924/tools/bin/../lib/gcc/arm-none-eabi/9.3.1/../../../../arm-none-eabi/lib/thumb/v7e-m+fp/hard\libc_nano.a(lib_a-exit.o) (_global_impure_ptr)
c:/st/stm32cubeide_1.6.1/stm32cubeide/plugins/com.st.stm32cube.ide.mcu.externaltools.gnu-tools-for-stm32.9-2020-q2-update.win32_1.5.0.202011040924/tools/bin/../lib/gcc/arm-none-eabi/9.3.1/../../../../arm-none-eabi/lib/thumb/v7e-m+fp/hard\libc_nano.a(lib_a-init.o)
                              c:/st/stm32cubeide_1.6.1/stm32cubeide/plugins/com.st.stm32cube.ide.mcu.externaltools.gnu-tools-for-stm32.9-2020-q2-update.win32_1.5.0.202011040924/tools/bin/../lib/gcc/arm-none-eabi/9.3.1/../../../../arm-none-eabi/lib/thumb/v7e-m+fp/hard/crt0.o (__libc_init_array)
c:/st/stm32cubeide_1.6.1/stm32cubeide/plugins/com.st.stm32cube.ide.mcu.externaltools.gnu-tools-for-stm32.9-2020-q2-update.win32_1.5.0.202011040924/tools/bin/../lib/gcc/arm-none-eabi/9.3.1/../../../../arm-none-eabi/lib/thumb/v7e-m+fp/hard\libc_nano.a(lib_a-memcpy-stub.o)
                              Middlewares/Third_Party/FreeRTOS/Source/CMSIS_RTOS_V2/cmsis_os2.o (memcpy)
c:/st/stm32cubeide_1.6.1/stm32cubeide/plugins/com.st.stm32cube.ide.mcu.externaltools.gnu-tools-for-stm32.9-2020-q2-update.win32_1.5.0.202011040924/tools/bin/../lib/gcc/arm-none-eabi/9.3.1/../../../../arm-none-eabi/lib/thumb/v7e-m+fp/hard\libc_nano.a(lib_a-memset.o)
                              c:/st/stm32cubeide_1.6.1/stm32cubeide/plugins/com.st.stm32cube.ide.mcu.externaltools.gnu-tools-for-stm32.9-2020-q2-update.win32_1.5.0.202011040924/tools/bin/../lib/gcc/arm-none-eabi/9.3.1/../../../../arm-none-eabi/lib/thumb/v7e-m+fp/hard/crt0.o (memset)
c:/st/stm32cubeide_1.6.1/stm32cubeide/plugins/com.st.stm32cube.ide.mcu.externaltools.gnu-tools-for-stm32.9-2020-q2-update.win32_1.5.0.202011040924/tools/bin/../lib/gcc/arm-none-eabi/9.3.1/../../../../arm-none-eabi/lib/thumb/v7e-m+fp/hard\libc_nano.a(lib_a-strlen.o)
                              Core/Src/fonts.o (strlen)
c:/st/stm32cubeide_1.6.1/stm32cubeide/plugins/com.st.stm32cube.ide.mcu.externaltools.gnu-tools-for-stm32.9-2020-q2-update.win32_1.5.0.202011040924/tools/bin/../lib/gcc/arm-none-eabi/9.3.1/../../../../arm-none-eabi/lib/thumb/v7e-m+fp/hard\libm.a(lib_a-s_atan.o)
                              Core/Src/main.o (atan)
c:/st/stm32cubeide_1.6.1/stm32cubeide/plugins/com.st.stm32cube.ide.mcu.externaltools.gnu-tools-for-stm32.9-2020-q2-update.win32_1.5.0.202011040924/tools/bin/../lib/gcc/arm-none-eabi/9.3.1/../../../../arm-none-eabi/lib/thumb/v7e-m+fp/hard\libm.a(lib_a-s_fabs.o)
                              c:/st/stm32cubeide_1.6.1/stm32cubeide/plugins/com.st.stm32cube.ide.mcu.externaltools.gnu-tools-for-stm32.9-2020-q2-update.win32_1.5.0.202011040924/tools/bin/../lib/gcc/arm-none-eabi/9.3.1/../../../../arm-none-eabi/lib/thumb/v7e-m+fp/hard\libm.a(lib_a-s_atan.o) (fabs)
c:/st/stm32cubeide_1.6.1/stm32cubeide/plugins/com.st.stm32cube.ide.mcu.externaltools.gnu-tools-for-stm32.9-2020-q2-update.win32_1.5.0.202011040924/tools/bin/../lib/gcc/arm-none-eabi/9.3.1/../../../../arm-none-eabi/lib/thumb/v7e-m+fp/hard\libm.a(lib_a-w_pow.o)
                              Core/Src/main.o (pow)
c:/st/stm32cubeide_1.6.1/stm32cubeide/plugins/com.st.stm32cube.ide.mcu.externaltools.gnu-tools-for-stm32.9-2020-q2-update.win32_1.5.0.202011040924/tools/bin/../lib/gcc/arm-none-eabi/9.3.1/../../../../arm-none-eabi/lib/thumb/v7e-m+fp/hard\libm.a(lib_a-w_sqrt.o)
                              Core/Src/main.o (sqrt)
[...]
Memory Configuration

Name             Origin             Length             Attributes
RAM              0x0000000020000000 0x0000000000010000 xrw
FLASH            0x0000000008000000 0x0000000000040000 xr
*default*        0x0000000000000000 0xffffffffffffffff

Linker script and memory map

LOAD c:/st/stm32cubeide_1.6.1/stm32cubeide/plugins/com.st.stm32cube.ide.mcu.externaltools.gnu-tools-for-stm32.9-2020-q2-update.win32_1.5.0.202011040924/tools/bin/../lib/gcc/arm-none-eabi/9.3.1/thumb/v7e-m+fp/hard/crti.o
LOAD c:/st/stm32cubeide_1.6.1/stm32cubeide/plugins/com.st.stm32cube.ide.mcu.externaltools.gnu-tools-for-stm32.9-2020-q2-update.win32_1.5.0.202011040924/tools/bin/../lib/gcc/arm-none-eabi/9.3.1/thumb/v7e-m+fp/hard/crtbegin.o
LOAD c:/st/stm32cubeide_1.6.1/stm32cubeide/plugins/com.st.stm32cube.ide.mcu.externaltools.gnu-tools-for-stm32.9-2020-q2-update.win32_1.5.0.202011040924/tools/bin/../lib/gcc/arm-none-eabi/9.3.1/../../../../arm-none-eabi/lib/thumb/v7e-m+fp/hard/crt0.o
LOAD Core/Src/fonts.o
LOAD Core/Src/freertos.o
LOAD Core/Src/main.o
LOAD Core/Src/ssd1306.o
LOAD Core/Src/stm32l4xx_hal_msp.o
LOAD Core/Src/stm32l4xx_it.o
LOAD Core/Src/syscalls.o
LOAD Core/Src/sysmem.o
LOAD Core/Src/system_stm32l4xx.o
LOAD Core/Startup/startup_stm32l432kcux.o
LOAD Drivers/STM32L4xx_HAL_Driver/Src/stm32l4xx_hal.o
LOAD Drivers/STM32L4xx_HAL_Driver/Src/stm32l4xx_hal_adc.o
LOAD Drivers/STM32L4xx_HAL_Driver/Src/stm32l4xx_hal_adc_ex.o
LOAD Drivers/STM32L4xx_HAL_Driver/Src/stm32l4xx_hal_cortex.o
LOAD Drivers/STM32L4xx_HAL_Driver/Src/stm32l4xx_hal_dma.o
LOAD Drivers/STM32L4xx_HAL_Driver/Src/stm32l4xx_hal_dma_ex.o
LOAD Drivers/STM32L4xx_HAL_Driver/Src/stm32l4xx_hal_exti.o
LOAD Drivers/STM32L4xx_HAL_Driver/Src/stm32l4xx_hal_flash.o
LOAD Drivers/STM32L4xx_HAL_Driver/Src/stm32l4xx_hal_flash_ex.o
LOAD Drivers/STM32L4xx_HAL_Driver/Src/stm32l4xx_hal_flash_ramfunc.o
LOAD Drivers/STM32L4xx_HAL_Driver/Src/stm32l4xx_hal_gpio.o
LOAD Drivers/STM32L4xx_HAL_Driver/Src/stm32l4xx_hal_i2c.o
LOAD Drivers/STM32L4xx_HAL_Driver/Src/stm32l4xx_hal_i2c_ex.o
LOAD Drivers/STM32L4xx_HAL_Driver/Src/stm32l4xx_hal_pwr.o
LOAD Drivers/STM32L4xx_HAL_Driver/Src/stm32l4xx_hal_pwr_ex.o
LOAD Drivers/STM32L4xx_HAL_Driver/Src/stm32l4xx_hal_rcc.o
LOAD Drivers/STM32L4xx_HAL_Driver/Src/stm32l4xx_hal_rcc_ex.o
LOAD Drivers/STM32L4xx_HAL_Driver/Src/stm32l4xx_hal_tim.o
LOAD Drivers/STM32L4xx_HAL_Driver/Src/stm32l4xx_hal_tim_ex.o
LOAD Drivers/STM32L4xx_HAL_Driver/Src/stm32l4xx_hal_uart.o
LOAD Drivers/STM32L4xx_HAL_Driver/Src/stm32l4xx_hal_uart_ex.o
LOAD Middlewares/Third_Party/FreeRTOS/Source/CMSIS_RTOS_V2/cmsis_os2.o
LOAD Middlewares/Third_Party/FreeRTOS/Source/croutine.o
LOAD Middlewares/Third_Party/FreeRTOS/Source/event_groups.o
LOAD Middlewares/Third_Party/FreeRTOS/Source/list.o
LOAD Middlewares/Third_Party/FreeRTOS/Source/queue.o
LOAD Middlewares/Third_Party/FreeRTOS/Source/stream_buffer.o
LOAD Middlewares/Third_Party/FreeRTOS/Source/tasks.o
LOAD Middlewares/Third_Party/FreeRTOS/Source/timers.o
LOAD Middlewares/Third_Party/FreeRTOS/Source/portable/GCC/ARM_CM4F/port.o
LOAD Middlewares/Third_Party/FreeRTOS/Source/portable/MemMang/heap_4.o
START GROUP
LOAD c:/st/stm32cubeide_1.6.1/stm32cubeide/plugins/com.st.stm32cube.ide.mcu.externaltools.gnu-tools-for-stm32.9-2020-q2-update.win32_1.5.0.202011040924/tools/bin/../lib/gcc/arm-none-eabi/9.3.1/../../../../arm-none-eabi/lib/thumb/v7e-m+fp/hard\libc_nano.a
LOAD c:/st/stm32cubeide_1.6.1/stm32cubeide/plugins/com.st.stm32cube.ide.mcu.externaltools.gnu-tools-for-stm32.9-2020-q2-update.win32_1.5.0.202011040924/tools/bin/../lib/gcc/arm-none-eabi/9.3.1/../../../../arm-none-eabi/lib/thumb/v7e-m+fp/hard\libm.a
END GROUP
START GROUP
LOAD c:/st/stm32cubeide_1.6.1/stm32cubeide/plugins/com.st.stm32cube.ide.mcu.externaltools.gnu-tools-for-stm32.9-2020-q2-update.win32_1.5.0.202011040924/tools/bin/../lib/gcc/arm-none-eabi/9.3.1/thumb/v7e-m+fp/hard\libgcc.a
LOAD c:/st/stm32cubeide_1.6.1/stm32cubeide/plugins/com.st.stm32cube.ide.mcu.externaltools.gnu-tools-for-stm32.9-2020-q2-update.win32_1.5.0.202011040924/tools/bin/../lib/gcc/arm-none-eabi/9.3.1/../../../../arm-none-eabi/lib/thumb/v7e-m+fp/hard\libc_nano.a
END GROUP
START GROUP
LOAD c:/st/stm32cubeide_1.6.1/stm32cubeide/plugins/com.st.stm32cube.ide.mcu.externaltools.gnu-tools-for-stm32.9-2020-q2-update.win32_1.5.0.202011040924/tools/bin/../lib/gcc/arm-none-eabi/9.3.1/thumb/v7e-m+fp/hard\libgcc.a
LOAD c:/st/stm32cubeide_1.6.1/stm32cubeide/plugins/com.st.stm32cube.ide.mcu.externaltools.gnu-tools-for-stm32.9-2020-q2-update.win32_1.5.0.202011040924/tools/bin/../lib/gcc/arm-none-eabi/9.3.1/../../../../arm-none-eabi/lib/thumb/v7e-m+fp/hard\libc_nano.a
LOAD c:/st/stm32cubeide_1.6.1/stm32cubeide/plugins/com.st.stm32cube.ide.mcu.externaltools.gnu-tools-for-stm32.9-2020-q2-update.win32_1.5.0.202011040924/tools/bin/../lib/gcc/arm-none-eabi/9.3.1/../../../../arm-none-eabi/lib/thumb/v7e-m+fp/hard\libnosys.a
END GROUP
START GROUP
LOAD c:/st/stm32cubeide_1.6.1/stm32cubeide/plugins/com.st.stm32cube.ide.mcu.externaltools.gnu-tools-for-stm32.9-2020-q2-update.win32_1.5.0.202011040924/tools/bin/../lib/gcc/arm-none-eabi/9.3.1/thumb/v7e-m+fp/hard\libgcc.a
LOAD c:/st/stm32cubeide_1.6.1/stm32cubeide/plugins/com.st.stm32cube.ide.mcu.externaltools.gnu-tools-for-stm32.9-2020-q2-update.win32_1.5.0.202011040924/tools/bin/../lib/gcc/arm-none-eabi/9.3.1/../../../../arm-none-eabi/lib/thumb/v7e-m+fp/hard\libc_nano.a
LOAD c:/st/stm32cubeide_1.6.1/stm32cubeide/plugins/com.st.stm32cube.ide.mcu.externaltools.gnu-tools-for-stm32.9-2020-q2-update.win32_1.5.0.202011040924/tools/bin/../lib/gcc/arm-none-eabi/9.3.1/../../../../arm-none-eabi/lib/thumb/v7e-m+fp/hard\libnosys.a
END GROUP
LOAD c:/st/stm32cubeide_1.6.1/stm32cubeide/plugins/com.st.stm32cube.ide.mcu.externaltools.gnu-tools-for-stm32.9-2020-q2-update.win32_1.5.0.202011040924/tools/bin/../lib/gcc/arm-none-eabi/9.3.1/thumb/v7e-m+fp/hard/crtend.o
LOAD c:/st/stm32cubeide_1.6.1/stm32cubeide/plugins/com.st.stm32cube.ide.mcu.externaltools.gnu-tools-for-stm32.9-2020-q2-update.win32_1.5.0.202011040924/tools/bin/../lib/gcc/arm-none-eabi/9.3.1/thumb/v7e-m+fp/hard/crtn.o
                0x0000000020010000                _estack = (ORIGIN (RAM) + LENGTH (RAM))
                0x0000000000000200                _Min_Heap_Size = 0x200
                0x0000000000000400                _Min_Stack_Size = 0x400

.isr_vector     0x0000000008000000      0x18c
                0x0000000008000000                . = ALIGN (0x4)
 *(.isr_vector)
 .isr_vector    0x0000000008000000      0x18c Core/Startup/startup_stm32l432kcux.o
                0x0000000008000000                g_pfnVectors
                0x000000000800018c                . = ALIGN (0x4)

.text           0x0000000008000190     0xc29c
                0x0000000008000190                . = ALIGN (0x4)
 *(.text)
 .text          0x0000000008000190       0x40 c:/st/stm32cubeide_1.6.1/stm32cubeide/plugins/com.st.stm32cube.ide.mcu.externaltools.gnu-tools-for-stm32.9-2020-q2-update.win32_1.5.0.202011040924/tools/bin/../lib/gcc/arm-none-eabi/9.3.1/thumb/v7e-m+fp/hard/crtbegin.o
 .text          0x00000000080001d0      0x378 c:/st/stm32cubeide_1.6.1/stm32cubeide/plugins/com.st.stm32cube.ide.mcu.externaltools.gnu-tools-for-stm32.9-2020-q2-update.win32_1.5.0.202011040924/tools/bin/../lib/gcc/arm-none-eabi/9.3.1/thumb/v7e-m+fp/hard\libgcc.a(_arm_addsubdf3.o)
                0x00000000080001d0                __aeabi_drsub
                0x00000000080001d8                __aeabi_dsub
                0x00000000080001d8                __subdf3
                0x00000000080001dc                __aeabi_dadd
                0x00000000080001dc                __adddf3
                0x0000000008000454                __floatunsidf
                0x0000000008000454                __aeabi_ui2d
                0x0000000008000474                __floatsidf
                0x0000000008000474                __aeabi_i2d
                0x0000000008000498                __aeabi_f2d
                0x0000000008000498                __extendsfdf2
                0x00000000080004dc                __floatundidf
                0x00000000080004dc                __aeabi_ul2d
                0x00000000080004ec                __floatdidf
                0x00000000080004ec                __aeabi_l2d
 .text          0x0000000008000548      0x424 c:/st/stm32cubeide_1.6.1/stm32cubeide/plugins/com.st.stm32cube.ide.mcu.externaltools.gnu-tools-for-stm32.9-2020-q2-update.win32_1.5.0.202011040924/tools/bin/../lib/gcc/arm-none-eabi/9.3.1/thumb/v7e-m+fp/hard\libgcc.a(_arm_muldivdf3.o)
                0x0000000008000548                __aeabi_dmul
                0x0000000008000548                __muldf3
                0x000000000800079c                __divdf3
                0x000000000800079c                __aeabi_ddiv
 .text          0x000000000800096c      0x110 c:/st/stm32cubeide_1.6.1/stm32cubeide/plugins/com.st.stm32cube.ide.mcu.externaltools.gnu-tools-for-stm32.9-2020-q2-update.win32_1.5.0.202011040924/tools/bin/../lib/gcc/arm-none-eabi/9.3.1/thumb/v7e-m+fp/hard\libgcc.a(_arm_cmpdf2.o)
                0x000000000800096c                __gtdf2
                0x000000000800096c                __gedf2
                0x0000000008000974                __ltdf2
                0x0000000008000974                __ledf2
                0x000000000800097c                __nedf2
                0x000000000800097c                __eqdf2
                0x000000000800097c                __cmpdf2
                0x00000000080009f8                __aeabi_cdrcmple
                0x0000000008000a08                __aeabi_cdcmpeq
                0x0000000008000a08                __aeabi_cdcmple
                0x0000000008000a18                __aeabi_dcmpeq
                0x0000000008000a2c                __aeabi_dcmplt
                0x0000000008000a40                __aeabi_dcmple
                0x0000000008000a54                __aeabi_dcmpge
                0x0000000008000a68                __aeabi_dcmpgt
 .text          0x0000000008000a7c       0x2c c:/st/stm32cubeide_1.6.1/stm32cubeide/plugins/com.st.stm32cube.ide.mcu.externaltools.gnu-tools-for-stm32.9-2020-q2-update.win32_1.5.0.202011040924/tools/bin/../lib/gcc/arm-none-eabi/9.3.1/thumb/v7e-m+fp/hard\libgcc.a(_arm_unorddf2.o)
                0x0000000008000a7c                __unorddf2
                0x0000000008000a7c                __aeabi_dcmpun
 .text          0x0000000008000aa8       0x40 c:/st/stm32cubeide_1.6.1/stm32cubeide/plugins/com.st.stm32cube.ide.mcu.externaltools.gnu-tools-for-stm32.9-2020-q2-update.win32_1.5.0.202011040924/tools/bin/../lib/gcc/arm-none-eabi/9.3.1/thumb/v7e-m+fp/hard\libgcc.a(_arm_fixunsdfsi.o)
                0x0000000008000aa8                __aeabi_d2uiz
                0x0000000008000aa8                __fixunsdfsi
 .text          0x0000000008000ae8       0xa0 c:/st/stm32cubeide_1.6.1/stm32cubeide/plugins/com.st.stm32cube.ide.mcu.externaltools.gnu-tools-for-stm32.9-2020-q2-update.win32_1.5.0.202011040924/tools/bin/../lib/gcc/arm-none-eabi/9.3.1/thumb/v7e-m+fp/hard\libgcc.a(_arm_truncdfsf2.o)
                0x0000000008000ae8                __truncdfsf2
                0x0000000008000ae8                __aeabi_d2f
 .text          0x0000000008000b88       0x30 c:/st/stm32cubeide_1.6.1/stm32cubeide/plugins/com.st.stm32cube.ide.mcu.externaltools.gnu-tools-for-stm32.9-2020-q2-update.win32_1.5.0.202011040924/tools/bin/../lib/gcc/arm-none-eabi/9.3.1/thumb/v7e-m+fp/hard\libgcc.a(_aeabi_uldivmod.o)
                0x0000000008000b88                __aeabi_uldivmod
 .text          0x0000000008000bb8      0x2c4 c:/st/stm32cubeide_1.6.1/stm32cubeide/plugins/com.st.stm32cube.ide.mcu.externaltools.gnu-tools-for-stm32.9-2020-q2-update.win32_1.5.0.202011040924/tools/bin/../lib/gcc/arm-none-eabi/9.3.1/thumb/v7e-m+fp/hard\libgcc.a(_udivmoddi4.o)
                0x0000000008000bb8                __udivmoddi4
 .text          0x0000000008000e7c        0x4 c:/st/stm32cubeide_1.6.1/stm32cubeide/plugins/com.st.stm32cube.ide.mcu.externaltools.gnu-tools-for-stm32.9-2020-q2-update.win32_1.5.0.202011040924/tools/bin/../lib/gcc/arm-none-eabi/9.3.1/thumb/v7e-m+fp/hard\libgcc.a(_dvmd_tls.o)
                0x0000000008000e7c                __aeabi_idiv0
                0x0000000008000e7c                __aeabi_ldiv0
 *(.text*)
 .text.main     0x0000000008000e80       0xfc Core/Src/main.o
                0x0000000008000e80                main
 .text.MPU6050_Init
                0x0000000008000f7c       0xac Core/Src/main.o
                0x0000000008000f7c                MPU6050_Init
 .text.MPU6050_Read_Accel
                0x0000000008001028      0x250 Core/Src/main.o
                0x0000000008001028                MPU6050_Read_Accel
 .text.MPU6050_Read_Gyro
                0x0000000008001278      0x104 Core/Src/main.o
                0x0000000008001278                MPU6050_Read_Gyro
 .text.SystemClock_Config
                0x000000000800137c      0x12c Core/Src/main.o
                0x000000000800137c                SystemClock_Config
 .text.MX_ADC1_Init
                0x00000000080014a8      0x148 Core/Src/main.o
 .text.MX_I2C1_Init
                0x00000000080015f0       0x88 Core/Src/main.o
 .text.MX_TIM6_Init
                0x0000000008001678       0x70 Core/Src/main.o
 .text.MX_USART1_UART_Init
                0x00000000080016e8       0x60 Core/Src/main.o
 .text.MX_GPIO_Init
                0x0000000008001748       0xf0 Core/Src/main.o
 .text.HAL_GPIO_EXTI_Callback
                0x0000000008001838       0x2c Core/Src/main.o
                0x0000000008001838                HAL_GPIO_EXTI_Callback
 .text.Inicializacion
                0x0000000008001864      0x4a0 Core/Src/main.o
                0x0000000008001864                Inicializacion
 *fill*         0x0000000008001d04        0x4 
 .text.AnalogRead
                0x0000000008001d08      0x2ac Core/Src/main.o
                0x0000000008001d08                AnalogRead
 *fill*         0x0000000008001fb4        0x4 
 .text.Gyro     0x0000000008001fb8      0x18c Core/Src/main.o
                0x0000000008001fb8                Gyro
 .text.EnvioDatos
                0x0000000008002144       0x98 Core/Src/main.o
                0x0000000008002144                EnvioDatos
 .text.Error_Handler
                0x00000000080021dc        0xa Core/Src/main.o
                0x00000000080021dc                Error_Handler
 *fill*         0x00000000080021e6        0x2 
 .text.SSD1306_UpdateScreen
                0x00000000080021e8       0x5c Core/Src/ssd1306.o
                0x00000000080021e8                SSD1306_UpdateScreen
 .text.SSD1306_Fill
                0x0000000008002244       0x30 Core/Src/ssd1306.o
                0x0000000008002244                SSD1306_Fill
 .text.SSD1306_DrawPixel
                0x0000000008002274       0xc0 Core/Src/ssd1306.o
                0x0000000008002274                SSD1306_DrawPixel
 .text.SSD1306_GotoXY
                0x0000000008002334       0x2c Core/Src/ssd1306.o
                0x0000000008002334                SSD1306_GotoXY
 .text.SSD1306_Putc
                0x0000000008002360      0x100 Core/Src/ssd1306.o
                0x0000000008002360                SSD1306_Putc
 .text.SSD1306_Puts
                0x0000000008002460       0x4a Core/Src/ssd1306.o
                0x0000000008002460                SSD1306_Puts
 .text.SSD1306_DrawLine
                0x00000000080024aa      0x1f6 Core/Src/ssd1306.o
                0x00000000080024aa                SSD1306_DrawLine
 .text.SSD1306_DrawFilledRectangle
                0x00000000080026a0       0x9a Core/Src/ssd1306.o
                0x00000000080026a0                SSD1306_DrawFilledRectangle
 .text.SSD1306_Clear
                0x000000000800273a       0x12 Core/Src/ssd1306.o
                0x000000000800273a                SSD1306_Clear
 .text.ssd1306_I2C_WriteMulti
                0x000000000800274c       0x90 Core/Src/ssd1306.o
                0x000000000800274c                ssd1306_I2C_WriteMulti
 .text.ssd1306_I2C_Write
                0x00000000080027dc       0x3c Core/Src/ssd1306.o
                0x00000000080027dc                ssd1306_I2C_Write
 .text.HAL_MspInit
                0x0000000008002818       0x50 Core/Src/stm32l4xx_hal_msp.o
                0x0000000008002818                HAL_MspInit
 .text.HAL_ADC_MspInit
                0x0000000008002868       0x7c Core/Src/stm32l4xx_hal_msp.o
                0x0000000008002868                HAL_ADC_MspInit
 .text.HAL_I2C_MspInit
                0x00000000080028e4       0x88 Core/Src/stm32l4xx_hal_msp.o
                0x00000000080028e4                HAL_I2C_MspInit
 .text.HAL_TIM_Base_MspInit
                0x000000000800296c       0x4c Core/Src/stm32l4xx_hal_msp.o
                0x000000000800296c                HAL_TIM_Base_MspInit
 .text.HAL_UART_MspInit
                0x00000000080029b8       0x98 Core/Src/stm32l4xx_hal_msp.o
                0x00000000080029b8                HAL_UART_MspInit
 .text.NMI_Handler
                0x0000000008002a50        0x6 Core/Src/stm32l4xx_it.o
                0x0000000008002a50                NMI_Handler
 .text.HardFault_Handler
                0x0000000008002a56        0x6 Core/Src/stm32l4xx_it.o
                0x0000000008002a56                HardFault_Handler
 .text.MemManage_Handler
                0x0000000008002a5c        0x6 Core/Src/stm32l4xx_it.o
                0x0000000008002a5c                MemManage_Handler
 .text.BusFault_Handler
                0x0000000008002a62        0x6 Core/Src/stm32l4xx_it.o
                0x0000000008002a62                BusFault_Handler
 .text.UsageFault_Handler
                0x0000000008002a68        0x6 Core/Src/stm32l4xx_it.o
                0x0000000008002a68                UsageFault_Handler
 .text.DebugMon_Handler
                0x0000000008002a6e        0xe Core/Src/stm32l4xx_it.o
                0x0000000008002a6e                DebugMon_Handler
 .text.SysTick_Handler
                0x0000000008002a7c       0x1a Core/Src/stm32l4xx_it.o
                0x0000000008002a7c                SysTick_Handler
 .text.EXTI0_IRQHandler
                0x0000000008002a96        0xe Core/Src/stm32l4xx_it.o
                0x0000000008002a96                EXTI0_IRQHandler
 .text.USART1_IRQHandler
                0x0000000008002aa4       0x14 Core/Src/stm32l4xx_it.o
                0x0000000008002aa4                USART1_IRQHandler
 .text.TIM6_DAC_IRQHandler
                0x0000000008002ab8       0x2c Core/Src/stm32l4xx_it.o
                0x0000000008002ab8                TIM6_DAC_IRQHandler
 .text.SystemInit
                0x0000000008002ae4       0x64 Core/Src/system_stm32l4xx.o
                0x0000000008002ae4                SystemInit
 .text.Reset_Handler
                0x0000000008002b48       0x50 Core/Startup/startup_stm32l432kcux.o
                0x0000000008002b48                Reset_Handler
 .text.Default_Handler
                0x0000000008002b98        0x2 Core/Startup/startup_stm32l432kcux.o
                0x0000000008002b98                RTC_Alarm_IRQHandler
                0x0000000008002b98                EXTI2_IRQHandler
                0x0000000008002b98                TIM1_CC_IRQHandler
                0x0000000008002b98                TSC_IRQHandler
                0x0000000008002b98                TAMP_STAMP_IRQHandler
                0x0000000008002b98                EXTI3_IRQHandler
                0x0000000008002b98                LPTIM2_IRQHandler
                0x0000000008002b98                I2C3_ER_IRQHandler
                0x0000000008002b98                CAN1_RX0_IRQHandler
                0x0000000008002b98                FPU_IRQHandler
                0x0000000008002b98                TIM1_UP_TIM16_IRQHandler
                0x0000000008002b98                SPI1_IRQHandler
                0x0000000008002b98                DMA2_Channel2_IRQHandler
                0x0000000008002b98                DMA1_Channel4_IRQHandler
                0x0000000008002b98                ADC1_IRQHandler
                0x0000000008002b98                DMA1_Channel7_IRQHandler
                0x0000000008002b98                CAN1_RX1_IRQHandler
                0x0000000008002b98                DMA2_Channel1_IRQHandler
                0x0000000008002b98                QUADSPI_IRQHandler
                0x0000000008002b98                I2C1_EV_IRQHandler
                0x0000000008002b98                DMA1_Channel6_IRQHandler
                0x0000000008002b98                DMA2_Channel4_IRQHandler
                0x0000000008002b98                RCC_IRQHandler
                0x0000000008002b98                TIM1_TRG_COM_IRQHandler
                0x0000000008002b98                DMA1_Channel1_IRQHandler
                0x0000000008002b98                Default_Handler
                0x0000000008002b98                DMA2_Channel7_IRQHandler
                0x0000000008002b98                EXTI15_10_IRQHandler
                0x0000000008002b98                TIM7_IRQHandler
                0x0000000008002b98                I2C3_EV_IRQHandler
                0x0000000008002b98                USB_IRQHandler
                0x0000000008002b98                EXTI9_5_IRQHandler
                0x0000000008002b98                RTC_WKUP_IRQHandler
                0x0000000008002b98                PVD_PVM_IRQHandler
                0x0000000008002b98                CAN1_TX_IRQHandler
                0x0000000008002b98                DMA2_Channel5_IRQHandler
                0x0000000008002b98                CRS_IRQHandler
                0x0000000008002b98                DMA1_Channel5_IRQHandler
                0x0000000008002b98                EXTI4_IRQHandler
                0x0000000008002b98                RNG_IRQHandler
                0x0000000008002b98                DMA1_Channel3_IRQHandler
                0x0000000008002b98                COMP_IRQHandler
                0x0000000008002b98                WWDG_IRQHandler
                0x0000000008002b98                LPUART1_IRQHandler
                0x0000000008002b98                DMA2_Channel6_IRQHandler
                0x0000000008002b98                TIM2_IRQHandler
                0x0000000008002b98                EXTI1_IRQHandler
                0x0000000008002b98                USART2_IRQHandler
                0x0000000008002b98                DMA1_Channel2_IRQHandler
                0x0000000008002b98                CAN1_SCE_IRQHandler
                0x0000000008002b98                FLASH_IRQHandler
                0x0000000008002b98                SPI3_IRQHandler
                0x0000000008002b98                I2C1_ER_IRQHandler
                0x0000000008002b98                SWPMI1_IRQHandler
                0x0000000008002b98                LPTIM1_IRQHandler
                0x0000000008002b98                SAI1_IRQHandler
                0x0000000008002b98                DMA2_Channel3_IRQHandler
                0x0000000008002b98                TIM1_BRK_TIM15_IRQHandler
 .text.HAL_Init
                0x0000000008002b9a       0x30 Drivers/STM32L4xx_HAL_Driver/Src/stm32l4xx_hal.o
                0x0000000008002b9a                HAL_Init
 *fill*         0x0000000008002bca        0x2 
 .text.HAL_InitTick
                0x0000000008002bcc       0x78 Drivers/STM32L4xx_HAL_Driver/Src/stm32l4xx_hal.o
                0x0000000008002bcc                HAL_InitTick
 .text.HAL_IncTick
                0x0000000008002c44       0x28 Drivers/STM32L4xx_HAL_Driver/Src/stm32l4xx_hal.o
                0x0000000008002c44                HAL_IncTick
 .text.HAL_GetTick
                0x0000000008002c6c       0x18 Drivers/STM32L4xx_HAL_Driver/Src/stm32l4xx_hal.o
                0x0000000008002c6c                HAL_GetTick
 .text.LL_ADC_SetCommonClock
                0x0000000008002c84       0x26 Drivers/STM32L4xx_HAL_Driver/Src/stm32l4xx_hal_adc.o
 .text.LL_ADC_SetCommonPathInternalCh
                0x0000000008002caa       0x26 Drivers/STM32L4xx_HAL_Driver/Src/stm32l4xx_hal_adc.o
 .text.LL_ADC_GetCommonPathInternalCh
                0x0000000008002cd0       0x1c Drivers/STM32L4xx_HAL_Driver/Src/stm32l4xx_hal_adc.o
 .text.LL_ADC_SetOffset
                0x0000000008002cec       0x48 Drivers/STM32L4xx_HAL_Driver/Src/stm32l4xx_hal_adc.o
 .text.LL_ADC_GetOffsetChannel
                0x0000000008002d34       0x2c Drivers/STM32L4xx_HAL_Driver/Src/stm32l4xx_hal_adc.o
 .text.LL_ADC_SetOffsetState
                0x0000000008002d60       0x36 Drivers/STM32L4xx_HAL_Driver/Src/stm32l4xx_hal_adc.o
 .text.LL_ADC_REG_IsTriggerSourceSWStart
                0x0000000008002d96       0x26 Drivers/STM32L4xx_HAL_Driver/Src/stm32l4xx_hal_adc.o
 .text.LL_ADC_REG_SetSequencerRanks
                0x0000000008002dbc       0x58 Drivers/STM32L4xx_HAL_Driver/Src/stm32l4xx_hal_adc.o
 .text.LL_ADC_SetChannelSamplingTime
                0x0000000008002e14       0x56 Drivers/STM32L4xx_HAL_Driver/Src/stm32l4xx_hal_adc.o
 *fill*         0x0000000008002e6a        0x2 
 .text.LL_ADC_SetChannelSingleDiff
                0x0000000008002e6c       0x48 Drivers/STM32L4xx_HAL_Driver/Src/stm32l4xx_hal_adc.o
 .text.LL_ADC_DisableDeepPowerDown
                0x0000000008002eb4       0x24 Drivers/STM32L4xx_HAL_Driver/Src/stm32l4xx_hal_adc.o
 .text.LL_ADC_IsDeepPowerDownEnabled
                0x0000000008002ed8       0x28 Drivers/STM32L4xx_HAL_Driver/Src/stm32l4xx_hal_adc.o
 .text.LL_ADC_EnableInternalRegulator
                0x0000000008002f00       0x28 Drivers/STM32L4xx_HAL_Driver/Src/stm32l4xx_hal_adc.o
 .text.LL_ADC_IsInternalRegulatorEnabled
                0x0000000008002f28       0x28 Drivers/STM32L4xx_HAL_Driver/Src/stm32l4xx_hal_adc.o
 .text.LL_ADC_Enable
                0x0000000008002f50       0x28 Drivers/STM32L4xx_HAL_Driver/Src/stm32l4xx_hal_adc.o
 .text.LL_ADC_Disable
                0x0000000008002f78       0x28 Drivers/STM32L4xx_HAL_Driver/Src/stm32l4xx_hal_adc.o
 .text.LL_ADC_IsEnabled
                0x0000000008002fa0       0x26 Drivers/STM32L4xx_HAL_Driver/Src/stm32l4xx_hal_adc.o
 .text.LL_ADC_IsDisableOngoing
                0x0000000008002fc6       0x26 Drivers/STM32L4xx_HAL_Driver/Src/stm32l4xx_hal_adc.o
 .text.LL_ADC_REG_StartConversion
                0x0000000008002fec       0x28 Drivers/STM32L4xx_HAL_Driver/Src/stm32l4xx_hal_adc.o
 .text.LL_ADC_REG_StopConversion
                0x0000000008003014       0x28 Drivers/STM32L4xx_HAL_Driver/Src/stm32l4xx_hal_adc.o
 .text.LL_ADC_REG_IsConversionOngoing
                0x000000000800303c       0x26 Drivers/STM32L4xx_HAL_Driver/Src/stm32l4xx_hal_adc.o
 .text.LL_ADC_INJ_StopConversion
                0x0000000008003062       0x28 Drivers/STM32L4xx_HAL_Driver/Src/stm32l4xx_hal_adc.o
 .text.LL_ADC_INJ_IsConversionOngoing
                0x000000000800308a       0x26 Drivers/STM32L4xx_HAL_Driver/Src/stm32l4xx_hal_adc.o
 .text.HAL_ADC_Init
                0x00000000080030b0      0x290 Drivers/STM32L4xx_HAL_Driver/Src/stm32l4xx_hal_adc.o
                0x00000000080030b0                HAL_ADC_Init
 .text.HAL_ADC_Start
                0x0000000008003340       0xc6 Drivers/STM32L4xx_HAL_Driver/Src/stm32l4xx_hal_adc.o
                0x0000000008003340                HAL_ADC_Start
 .text.HAL_ADC_Stop
                0x0000000008003406       0x66 Drivers/STM32L4xx_HAL_Driver/Src/stm32l4xx_hal_adc.o
                0x0000000008003406                HAL_ADC_Stop
 .text.HAL_ADC_PollForConversion
                0x000000000800346c      0x11e Drivers/STM32L4xx_HAL_Driver/Src/stm32l4xx_hal_adc.o
                0x000000000800346c                HAL_ADC_PollForConversion
 .text.HAL_ADC_GetValue
                0x000000000800358a       0x1a Drivers/STM32L4xx_HAL_Driver/Src/stm32l4xx_hal_adc.o
                0x000000000800358a                HAL_ADC_GetValue
 .text.HAL_ADC_ConfigChannel
                0x00000000080035a4      0x7c0 Drivers/STM32L4xx_HAL_Driver/Src/stm32l4xx_hal_adc.o
                0x00000000080035a4                HAL_ADC_ConfigChannel
 .text.ADC_ConversionStop
                0x0000000008003d64      0x178 Drivers/STM32L4xx_HAL_Driver/Src/stm32l4xx_hal_adc.o
                0x0000000008003d64                ADC_ConversionStop
 .text.ADC_Enable
                0x0000000008003edc       0xc4 Drivers/STM32L4xx_HAL_Driver/Src/stm32l4xx_hal_adc.o
                0x0000000008003edc                ADC_Enable
 .text.ADC_Disable
                0x0000000008003fa0       0xbe Drivers/STM32L4xx_HAL_Driver/Src/stm32l4xx_hal_adc.o
                0x0000000008003fa0                ADC_Disable
 *fill*         0x000000000800405e        0x2 
 .text.__NVIC_SetPriorityGrouping
                0x0000000008004060       0x48 Drivers/STM32L4xx_HAL_Driver/Src/stm32l4xx_hal_cortex.o
 .text.__NVIC_GetPriorityGrouping
                0x00000000080040a8       0x1c Drivers/STM32L4xx_HAL_Driver/Src/stm32l4xx_hal_cortex.o
 .text.__NVIC_EnableIRQ
                0x00000000080040c4       0x3c Drivers/STM32L4xx_HAL_Driver/Src/stm32l4xx_hal_cortex.o
 .text.__NVIC_SetPriority
                0x0000000008004100       0x54 Drivers/STM32L4xx_HAL_Driver/Src/stm32l4xx_hal_cortex.o
 .text.NVIC_EncodePriority
                0x0000000008004154       0x66 Drivers/STM32L4xx_HAL_Driver/Src/stm32l4xx_hal_cortex.o
 *fill*         0x00000000080041ba        0x2 
 .text.SysTick_Config
                0x00000000080041bc       0x44 Drivers/STM32L4xx_HAL_Driver/Src/stm32l4xx_hal_cortex.o
 .text.HAL_NVIC_SetPriorityGrouping
                0x0000000008004200       0x16 Drivers/STM32L4xx_HAL_Driver/Src/stm32l4xx_hal_cortex.o
                0x0000000008004200                HAL_NVIC_SetPriorityGrouping
 .text.HAL_NVIC_SetPriority
                0x0000000008004216       0x38 Drivers/STM32L4xx_HAL_Driver/Src/stm32l4xx_hal_cortex.o
                0x0000000008004216                HAL_NVIC_SetPriority
 .text.HAL_NVIC_EnableIRQ
                0x000000000800424e       0x1c Drivers/STM32L4xx_HAL_Driver/Src/stm32l4xx_hal_cortex.o
                0x000000000800424e                HAL_NVIC_EnableIRQ
 .text.HAL_SYSTICK_Config
                0x000000000800426a       0x18 Drivers/STM32L4xx_HAL_Driver/Src/stm32l4xx_hal_cortex.o
                0x000000000800426a                HAL_SYSTICK_Config
 .text.HAL_DMA_Abort
                0x0000000008004282       0x7c Drivers/STM32L4xx_HAL_Driver/Src/stm32l4xx_hal_dma.o
                0x0000000008004282                HAL_DMA_Abort
 .text.HAL_DMA_Abort_IT
                0x00000000080042fe       0x82 Drivers/STM32L4xx_HAL_Driver/Src/stm32l4xx_hal_dma.o
                0x00000000080042fe                HAL_DMA_Abort_IT
 .text.HAL_GPIO_Init
                0x0000000008004380      0x2d4 Drivers/STM32L4xx_HAL_Driver/Src/stm32l4xx_hal_gpio.o
                0x0000000008004380                HAL_GPIO_Init
 .text.HAL_GPIO_WritePin
                0x0000000008004654       0x30 Drivers/STM32L4xx_HAL_Driver/Src/stm32l4xx_hal_gpio.o
                0x0000000008004654                HAL_GPIO_WritePin
 .text.HAL_GPIO_TogglePin
                0x0000000008004684       0x34 Drivers/STM32L4xx_HAL_Driver/Src/stm32l4xx_hal_gpio.o
                0x0000000008004684                HAL_GPIO_TogglePin
 .text.HAL_GPIO_EXTI_IRQHandler
                0x00000000080046b8       0x30 Drivers/STM32L4xx_HAL_Driver/Src/stm32l4xx_hal_gpio.o
                0x00000000080046b8                HAL_GPIO_EXTI_IRQHandler
 .text.HAL_I2C_Init
                0x00000000080046e8      0x11e Drivers/STM32L4xx_HAL_Driver/Src/stm32l4xx_hal_i2c.o
                0x00000000080046e8                HAL_I2C_Init
 *fill*         0x0000000008004806        0x2 
 .text.HAL_I2C_Master_Transmit
                0x0000000008004808      0x1e8 Drivers/STM32L4xx_HAL_Driver/Src/stm32l4xx_hal_i2c.o
                0x0000000008004808                HAL_I2C_Master_Transmit
 .text.HAL_I2C_Mem_Write
                0x00000000080049f0      0x228 Drivers/STM32L4xx_HAL_Driver/Src/stm32l4xx_hal_i2c.o
                0x00000000080049f0                HAL_I2C_Mem_Write
 .text.HAL_I2C_Mem_Read
                0x0000000008004c18      0x234 Drivers/STM32L4xx_HAL_Driver/Src/stm32l4xx_hal_i2c.o
                0x0000000008004c18                HAL_I2C_Mem_Read
 .text.I2C_RequestMemoryWrite
                0x0000000008004e4c       0xa8 Drivers/STM32L4xx_HAL_Driver/Src/stm32l4xx_hal_i2c.o
 .text.I2C_RequestMemoryRead
                0x0000000008004ef4       0xa8 Drivers/STM32L4xx_HAL_Driver/Src/stm32l4xx_hal_i2c.o
 .text.I2C_Flush_TXDR
                0x0000000008004f9c       0x48 Drivers/STM32L4xx_HAL_Driver/Src/stm32l4xx_hal_i2c.o
 .text.I2C_WaitOnFlagUntilTimeout
                0x0000000008004fe4       0x80 Drivers/STM32L4xx_HAL_Driver/Src/stm32l4xx_hal_i2c.o
 .text.I2C_WaitOnTXISFlagUntilTimeout
                0x0000000008005064       0x80 Drivers/STM32L4xx_HAL_Driver/Src/stm32l4xx_hal_i2c.o
 .text.I2C_WaitOnSTOPFlagUntilTimeout
                0x00000000080050e4       0x78 Drivers/STM32L4xx_HAL_Driver/Src/stm32l4xx_hal_i2c.o
 .text.I2C_IsAcknowledgeFailed
                0x000000000800515c       0xcc Drivers/STM32L4xx_HAL_Driver/Src/stm32l4xx_hal_i2c.o
 .text.I2C_TransferConfig
                0x0000000008005228       0x5c Drivers/STM32L4xx_HAL_Driver/Src/stm32l4xx_hal_i2c.o
 .text.HAL_I2CEx_ConfigAnalogFilter
                0x0000000008005284       0x96 Drivers/STM32L4xx_HAL_Driver/Src/stm32l4xx_hal_i2c_ex.o
                0x0000000008005284                HAL_I2CEx_ConfigAnalogFilter
 .text.HAL_I2CEx_ConfigDigitalFilter
                0x000000000800531a       0x98 Drivers/STM32L4xx_HAL_Driver/Src/stm32l4xx_hal_i2c_ex.o
                0x000000000800531a                HAL_I2CEx_ConfigDigitalFilter
 *fill*         0x00000000080053b2        0x2 
 .text.HAL_I2CEx_EnableFastModePlus
                0x00000000080053b4       0x40 Drivers/STM32L4xx_HAL_Driver/Src/stm32l4xx_hal_i2c_ex.o
                0x00000000080053b4                HAL_I2CEx_EnableFastModePlus
 .text.HAL_PWR_EnableBkUpAccess
                0x00000000080053f4       0x20 Drivers/STM32L4xx_HAL_Driver/Src/stm32l4xx_hal_pwr.o
                0x00000000080053f4                HAL_PWR_EnableBkUpAccess
 .text.HAL_PWREx_GetVoltageRange
                0x0000000008005414       0x1c Drivers/STM32L4xx_HAL_Driver/Src/stm32l4xx_hal_pwr_ex.o
                0x0000000008005414                HAL_PWREx_GetVoltageRange
 .text.HAL_PWREx_ControlVoltageScaling
                0x0000000008005430       0xac Drivers/STM32L4xx_HAL_Driver/Src/stm32l4xx_hal_pwr_ex.o
                0x0000000008005430                HAL_PWREx_ControlVoltageScaling
 .text.HAL_RCC_OscConfig
                0x00000000080054dc      0x840 Drivers/STM32L4xx_HAL_Driver/Src/stm32l4xx_hal_rcc.o
                0x00000000080054dc                HAL_RCC_OscConfig
 .text.HAL_RCC_ClockConfig
                0x0000000008005d1c      0x1c4 Drivers/STM32L4xx_HAL_Driver/Src/stm32l4xx_hal_rcc.o
                0x0000000008005d1c                HAL_RCC_ClockConfig
 .text.HAL_RCC_GetSysClockFreq
                0x0000000008005ee0      0x118 Drivers/STM32L4xx_HAL_Driver/Src/stm32l4xx_hal_rcc.o
                0x0000000008005ee0                HAL_RCC_GetSysClockFreq
 .text.HAL_RCC_GetHCLKFreq
                0x0000000008005ff8       0x18 Drivers/STM32L4xx_HAL_Driver/Src/stm32l4xx_hal_rcc.o
                0x0000000008005ff8                HAL_RCC_GetHCLKFreq
 .text.HAL_RCC_GetPCLK1Freq
                0x0000000008006010       0x2c Drivers/STM32L4xx_HAL_Driver/Src/stm32l4xx_hal_rcc.o
                0x0000000008006010                HAL_RCC_GetPCLK1Freq
 .text.HAL_RCC_GetPCLK2Freq
                0x000000000800603c       0x2c Drivers/STM32L4xx_HAL_Driver/Src/stm32l4xx_hal_rcc.o
                0x000000000800603c                HAL_RCC_GetPCLK2Freq
 .text.RCC_SetFlashLatencyFromMSIRange
                0x0000000008006068       0xc0 Drivers/STM32L4xx_HAL_Driver/Src/stm32l4xx_hal_rcc.o
 .text.HAL_RCCEx_PeriphCLKConfig
                0x0000000008006128      0x3e8 Drivers/STM32L4xx_HAL_Driver/Src/stm32l4xx_hal_rcc_ex.o
                0x0000000008006128                HAL_RCCEx_PeriphCLKConfig
 .text.HAL_RCCEx_EnableMSIPLLMode
                0x0000000008006510       0x20 Drivers/STM32L4xx_HAL_Driver/Src/stm32l4xx_hal_rcc_ex.o
                0x0000000008006510                HAL_RCCEx_EnableMSIPLLMode
 .text.RCCEx_PLLSAI1_Config
                0x0000000008006530      0x1e4 Drivers/STM32L4xx_HAL_Driver/Src/stm32l4xx_hal_rcc_ex.o
 .text.HAL_TIM_Base_Init
                0x0000000008006714       0xae Drivers/STM32L4xx_HAL_Driver/Src/stm32l4xx_hal_tim.o
                0x0000000008006714                HAL_TIM_Base_Init
 *fill*         0x00000000080067c2        0x2 
 .text.HAL_TIM_Base_Start_IT
                0x00000000080067c4       0xa8 Drivers/STM32L4xx_HAL_Driver/Src/stm32l4xx_hal_tim.o
                0x00000000080067c4                HAL_TIM_Base_Start_IT
 .text.HAL_TIM_IRQHandler
                0x000000000800686c      0x23e Drivers/STM32L4xx_HAL_Driver/Src/stm32l4xx_hal_tim.o
                0x000000000800686c                HAL_TIM_IRQHandler
 .text.HAL_TIM_PeriodElapsedCallback
                0x0000000008006aaa       0x14 Drivers/STM32L4xx_HAL_Driver/Src/stm32l4xx_hal_tim.o
                0x0000000008006aaa                HAL_TIM_PeriodElapsedCallback
 .text.HAL_TIM_OC_DelayElapsedCallback
                0x0000000008006abe       0x14 Drivers/STM32L4xx_HAL_Driver/Src/stm32l4xx_hal_tim.o
                0x0000000008006abe                HAL_TIM_OC_DelayElapsedCallback
 .text.HAL_TIM_IC_CaptureCallback
                0x0000000008006ad2       0x14 Drivers/STM32L4xx_HAL_Driver/Src/stm32l4xx_hal_tim.o
                0x0000000008006ad2                HAL_TIM_IC_CaptureCallback
 .text.HAL_TIM_PWM_PulseFinishedCallback
                0x0000000008006ae6       0x14 Drivers/STM32L4xx_HAL_Driver/Src/stm32l4xx_hal_tim.o
                0x0000000008006ae6                HAL_TIM_PWM_PulseFinishedCallback
 .text.HAL_TIM_TriggerCallback
                0x0000000008006afa       0x14 Drivers/STM32L4xx_HAL_Driver/Src/stm32l4xx_hal_tim.o
                0x0000000008006afa                HAL_TIM_TriggerCallback
 *fill*         0x0000000008006b0e        0x2 
 .text.TIM_Base_SetConfig
                0x0000000008006b10       0xc8 Drivers/STM32L4xx_HAL_Driver/Src/stm32l4xx_hal_tim.o
                0x0000000008006b10                TIM_Base_SetConfig
 .text.HAL_TIMEx_MasterConfigSynchronization
                0x0000000008006bd8       0xcc Drivers/STM32L4xx_HAL_Driver/Src/stm32l4xx_hal_tim_ex.o
                0x0000000008006bd8                HAL_TIMEx_MasterConfigSynchronization
 .text.HAL_TIMEx_CommutCallback
                0x0000000008006ca4       0x14 Drivers/STM32L4xx_HAL_Driver/Src/stm32l4xx_hal_tim_ex.o
                0x0000000008006ca4                HAL_TIMEx_CommutCallback
 .text.HAL_TIMEx_BreakCallback
                0x0000000008006cb8       0x14 Drivers/STM32L4xx_HAL_Driver/Src/stm32l4xx_hal_tim_ex.o
                0x0000000008006cb8                HAL_TIMEx_BreakCallback
 .text.HAL_TIMEx_Break2Callback
                0x0000000008006ccc       0x14 Drivers/STM32L4xx_HAL_Driver/Src/stm32l4xx_hal_tim_ex.o
                0x0000000008006ccc                HAL_TIMEx_Break2Callback
 .text.HAL_UART_Init
                0x0000000008006ce0       0x9c Drivers/STM32L4xx_HAL_Driver/Src/stm32l4xx_hal_uart.o
                0x0000000008006ce0                HAL_UART_Init
 .text.HAL_UART_Transmit_IT
                0x0000000008006d7c       0xb8 Drivers/STM32L4xx_HAL_Driver/Src/stm32l4xx_hal_uart.o
                0x0000000008006d7c                HAL_UART_Transmit_IT
 .text.HAL_UART_IRQHandler
                0x0000000008006e34      0x404 Drivers/STM32L4xx_HAL_Driver/Src/stm32l4xx_hal_uart.o
                0x0000000008006e34                HAL_UART_IRQHandler
 .text.HAL_UART_TxCpltCallback
                0x0000000008007238       0x14 Drivers/STM32L4xx_HAL_Driver/Src/stm32l4xx_hal_uart.o
                0x0000000008007238                HAL_UART_TxCpltCallback
 .text.HAL_UART_ErrorCallback
                0x000000000800724c       0x14 Drivers/STM32L4xx_HAL_Driver/Src/stm32l4xx_hal_uart.o
                0x000000000800724c                HAL_UART_ErrorCallback
 .text.HAL_UARTEx_RxEventCallback
                0x0000000008007260       0x18 Drivers/STM32L4xx_HAL_Driver/Src/stm32l4xx_hal_uart.o
                0x0000000008007260                HAL_UARTEx_RxEventCallback
 .text.UART_SetConfig
                0x0000000008007278      0x418 Drivers/STM32L4xx_HAL_Driver/Src/stm32l4xx_hal_uart.o
                0x0000000008007278                UART_SetConfig
 .text.UART_AdvFeatureConfig
                0x0000000008007690      0x144 Drivers/STM32L4xx_HAL_Driver/Src/stm32l4xx_hal_uart.o
                0x0000000008007690                UART_AdvFeatureConfig
 .text.UART_CheckIdleState
                0x00000000080077d4       0x92 Drivers/STM32L4xx_HAL_Driver/Src/stm32l4xx_hal_uart.o
                0x00000000080077d4                UART_CheckIdleState
 .text.UART_WaitOnFlagUntilTimeout
                0x0000000008007866       0xf8 Drivers/STM32L4xx_HAL_Driver/Src/stm32l4xx_hal_uart.o
                0x0000000008007866                UART_WaitOnFlagUntilTimeout
 .text.UART_EndRxTransfer
                0x000000000800795e       0x5e Drivers/STM32L4xx_HAL_Driver/Src/stm32l4xx_hal_uart.o
 .text.UART_DMAAbortOnError
                0x00000000080079bc       0x2c Drivers/STM32L4xx_HAL_Driver/Src/stm32l4xx_hal_uart.o
 .text.UART_TxISR_8BIT
                0x00000000080079e8       0x74 Drivers/STM32L4xx_HAL_Driver/Src/stm32l4xx_hal_uart.o
 .text.UART_TxISR_16BIT
                0x0000000008007a5c       0x7c Drivers/STM32L4xx_HAL_Driver/Src/stm32l4xx_hal_uart.o
 .text.UART_EndTransmit_IT
                0x0000000008007ad8       0x32 Drivers/STM32L4xx_HAL_Driver/Src/stm32l4xx_hal_uart.o
 .text.HAL_UARTEx_WakeupCallback
                0x0000000008007b0a       0x14 Drivers/STM32L4xx_HAL_Driver/Src/stm32l4xx_hal_uart_ex.o
                0x0000000008007b0a                HAL_UARTEx_WakeupCallback
 *fill*         0x0000000008007b1e        0x2 
 .text.__NVIC_SetPriority
                0x0000000008007b20       0x54 Middlewares/Third_Party/FreeRTOS/Source/CMSIS_RTOS_V2/cmsis_os2.o
 .text.SVC_Setup
                0x0000000008007b74       0x12 Middlewares/Third_Party/FreeRTOS/Source/CMSIS_RTOS_V2/cmsis_os2.o
 *fill*         0x0000000008007b86        0x2 
 .text.osKernelInitialize
                0x0000000008007b88       0x48 Middlewares/Third_Party/FreeRTOS/Source/CMSIS_RTOS_V2/cmsis_os2.o
                0x0000000008007b88                osKernelInitialize
 .text.osKernelStart
                0x0000000008007bd0       0x4c Middlewares/Third_Party/FreeRTOS/Source/CMSIS_RTOS_V2/cmsis_os2.o
                0x0000000008007bd0                osKernelStart
 .text.osThreadNew
                0x0000000008007c1c      0x124 Middlewares/Third_Party/FreeRTOS/Source/CMSIS_RTOS_V2/cmsis_os2.o
                0x0000000008007c1c                osThreadNew
 .text.osDelay  0x0000000008007d40       0x36 Middlewares/Third_Party/FreeRTOS/Source/CMSIS_RTOS_V2/cmsis_os2.o
                0x0000000008007d40                osDelay
 .text.osEventFlagsNew
                0x0000000008007d76       0x7e Middlewares/Third_Party/FreeRTOS/Source/CMSIS_RTOS_V2/cmsis_os2.o
                0x0000000008007d76                osEventFlagsNew
 .text.osMessageQueueNew
                0x0000000008007df4       0xe6 Middlewares/Third_Party/FreeRTOS/Source/CMSIS_RTOS_V2/cmsis_os2.o
                0x0000000008007df4                osMessageQueueNew
 *fill*         0x0000000008007eda        0x2 
 .text.osMessageQueuePut
                0x0000000008007edc       0xc0 Middlewares/Third_Party/FreeRTOS/Source/CMSIS_RTOS_V2/cmsis_os2.o
                0x0000000008007edc                osMessageQueuePut
 .text.osMessageQueueGet
                0x0000000008007f9c       0xbc Middlewares/Third_Party/FreeRTOS/Source/CMSIS_RTOS_V2/cmsis_os2.o
                0x0000000008007f9c                osMessageQueueGet
 .text.vApplicationGetIdleTaskMemory
                0x0000000008008058       0x34 Middlewares/Third_Party/FreeRTOS/Source/CMSIS_RTOS_V2/cmsis_os2.o
                0x0000000008008058                vApplicationGetIdleTaskMemory
 .text.vApplicationGetTimerTaskMemory
                0x000000000800808c       0x34 Middlewares/Third_Party/FreeRTOS/Source/CMSIS_RTOS_V2/cmsis_os2.o
                0x000000000800808c                vApplicationGetTimerTaskMemory
 .text.xEventGroupCreateStatic
                0x00000000080080c0       0x6e Middlewares/Third_Party/FreeRTOS/Source/event_groups.o
                0x00000000080080c0                xEventGroupCreateStatic
 .text.xEventGroupCreate
                0x000000000800812e       0x34 Middlewares/Third_Party/FreeRTOS/Source/event_groups.o
                0x000000000800812e                xEventGroupCreate
 *fill*         0x0000000008008162        0x2 
 .text.xEventGroupWaitBits
                0x0000000008008164      0x19c Middlewares/Third_Party/FreeRTOS/Source/event_groups.o
                0x0000000008008164                xEventGroupWaitBits
 .text.xEventGroupClearBits
                0x0000000008008300       0x70 Middlewares/Third_Party/FreeRTOS/Source/event_groups.o
                0x0000000008008300                xEventGroupClearBits
 .text.xEventGroupSetBits
                0x0000000008008370      0x116 Middlewares/Third_Party/FreeRTOS/Source/event_groups.o
                0x0000000008008370                xEventGroupSetBits
 .text.vEventGroupSetBitsCallback
                0x0000000008008486       0x1a Middlewares/Third_Party/FreeRTOS/Source/event_groups.o
                0x0000000008008486                vEventGroupSetBitsCallback
 .text.prvTestWaitCondition
                0x00000000080084a0       0x44 Middlewares/Third_Party/FreeRTOS/Source/event_groups.o
 .text.xEventGroupSetBitsFromISR
                0x00000000080084e4       0x28 Middlewares/Third_Party/FreeRTOS/Source/event_groups.o
                0x00000000080084e4                xEventGroupSetBitsFromISR
 .text.vListInitialise
                0x000000000800850c       0x40 Middlewares/Third_Party/FreeRTOS/Source/list.o
                0x000000000800850c                vListInitialise
 .text.vListInitialiseItem
                0x000000000800854c       0x1a Middlewares/Third_Party/FreeRTOS/Source/list.o
                0x000000000800854c                vListInitialiseItem
 .text.vListInsertEnd
                0x0000000008008566       0x48 Middlewares/Third_Party/FreeRTOS/Source/list.o
                0x0000000008008566                vListInsertEnd
 .text.vListInsert
                0x00000000080085ae       0x72 Middlewares/Third_Party/FreeRTOS/Source/list.o
                0x00000000080085ae                vListInsert
 .text.uxListRemove
                0x0000000008008620       0x54 Middlewares/Third_Party/FreeRTOS/Source/list.o
                0x0000000008008620                uxListRemove
 .text.xQueueGenericReset
                0x0000000008008674       0xd0 Middlewares/Third_Party/FreeRTOS/Source/queue.o
                0x0000000008008674                xQueueGenericReset
 .text.xQueueGenericCreateStatic
                0x0000000008008744       0xf0 Middlewares/Third_Party/FreeRTOS/Source/queue.o
                0x0000000008008744                xQueueGenericCreateStatic
 .text.xQueueGenericCreate
                0x0000000008008834       0x74 Middlewares/Third_Party/FreeRTOS/Source/queue.o
                0x0000000008008834                xQueueGenericCreate
 .text.prvInitialiseNewQueue
                0x00000000080088a8       0x46 Middlewares/Third_Party/FreeRTOS/Source/queue.o
 *fill*         0x00000000080088ee        0x2 
 .text.xQueueGenericSend
                0x00000000080088f0      0x1fc Middlewares/Third_Party/FreeRTOS/Source/queue.o
                0x00000000080088f0                xQueueGenericSend
 .text.xQueueGenericSendFromISR
                0x0000000008008aec      0x136 Middlewares/Third_Party/FreeRTOS/Source/queue.o
                0x0000000008008aec                xQueueGenericSendFromISR
 *fill*         0x0000000008008c22        0x2 
 .text.xQueueReceive
                0x0000000008008c24      0x1c0 Middlewares/Third_Party/FreeRTOS/Source/queue.o
                0x0000000008008c24                xQueueReceive
 .text.xQueueReceiveFromISR
                0x0000000008008de4      0x100 Middlewares/Third_Party/FreeRTOS/Source/queue.o
                0x0000000008008de4                xQueueReceiveFromISR
 .text.prvCopyDataToQueue
                0x0000000008008ee4       0xd4 Middlewares/Third_Party/FreeRTOS/Source/queue.o
 .text.prvCopyDataFromQueue
                0x0000000008008fb8       0x4c Middlewares/Third_Party/FreeRTOS/Source/queue.o
 .text.prvUnlockQueue
                0x0000000008009004       0xa4 Middlewares/Third_Party/FreeRTOS/Source/queue.o
 .text.prvIsQueueEmpty
                0x00000000080090a8       0x2c Middlewares/Third_Party/FreeRTOS/Source/queue.o
 .text.prvIsQueueFull
                0x00000000080090d4       0x30 Middlewares/Third_Party/FreeRTOS/Source/queue.o
 .text.vQueueAddToRegistry
                0x0000000008009104       0x54 Middlewares/Third_Party/FreeRTOS/Source/queue.o
                0x0000000008009104                vQueueAddToRegistry
 .text.vQueueWaitForMessageRestricted
                0x0000000008009158       0x68 Middlewares/Third_Party/FreeRTOS/Source/queue.o
                0x0000000008009158                vQueueWaitForMessageRestricted
 .text.xTaskCreateStatic
                0x00000000080091c0       0xba Middlewares/Third_Party/FreeRTOS/Source/tasks.o
                0x00000000080091c0                xTaskCreateStatic
 .text.xTaskCreate
                0x000000000800927a       0x8a Middlewares/Third_Party/FreeRTOS/Source/tasks.o
                0x000000000800927a                xTaskCreate
 .text.prvInitialiseNewTask
                0x0000000008009304      0x11e Middlewares/Third_Party/FreeRTOS/Source/tasks.o
 *fill*         0x0000000008009422        0x2 
 .text.prvAddNewTaskToReadyList
                0x0000000008009424       0xe0 Middlewares/Third_Party/FreeRTOS/Source/tasks.o
 .text.vTaskDelay
                0x0000000008009504       0x68 Middlewares/Third_Party/FreeRTOS/Source/tasks.o
                0x0000000008009504                vTaskDelay
 .text.vTaskStartScheduler
                0x000000000800956c       0xcc Middlewares/Third_Party/FreeRTOS/Source/tasks.o
                0x000000000800956c                vTaskStartScheduler
 .text.vTaskSuspendAll
                0x0000000008009638       0x1c Middlewares/Third_Party/FreeRTOS/Source/tasks.o
                0x0000000008009638                vTaskSuspendAll
 .text.xTaskResumeAll
                0x0000000008009654      0x13c Middlewares/Third_Party/FreeRTOS/Source/tasks.o
                0x0000000008009654                xTaskResumeAll
 .text.xTaskGetTickCount
                0x0000000008009790       0x20 Middlewares/Third_Party/FreeRTOS/Source/tasks.o
                0x0000000008009790                xTaskGetTickCount
 .text.xTaskIncrementTick
                0x00000000080097b0      0x174 Middlewares/Third_Party/FreeRTOS/Source/tasks.o
                0x00000000080097b0                xTaskIncrementTick
 .text.vTaskSwitchContext
                0x0000000008009924       0xbc Middlewares/Third_Party/FreeRTOS/Source/tasks.o
                0x0000000008009924                vTaskSwitchContext
 .text.vTaskPlaceOnEventList
                0x00000000080099e0       0x48 Middlewares/Third_Party/FreeRTOS/Source/tasks.o
                0x00000000080099e0                vTaskPlaceOnEventList
 .text.vTaskPlaceOnUnorderedEventList
                0x0000000008009a28       0x78 Middlewares/Third_Party/FreeRTOS/Source/tasks.o
                0x0000000008009a28                vTaskPlaceOnUnorderedEventList
 .text.vTaskPlaceOnEventListRestricted
                0x0000000008009aa0       0x58 Middlewares/Third_Party/FreeRTOS/Source/tasks.o
                0x0000000008009aa0                vTaskPlaceOnEventListRestricted
 .text.xTaskRemoveFromEventList
                0x0000000008009af8       0xc8 Middlewares/Third_Party/FreeRTOS/Source/tasks.o
                0x0000000008009af8                xTaskRemoveFromEventList
 .text.vTaskRemoveFromUnorderedEventList
                0x0000000008009bc0       0xc4 Middlewares/Third_Party/FreeRTOS/Source/tasks.o
                0x0000000008009bc0                vTaskRemoveFromUnorderedEventList
 .text.vTaskInternalSetTimeOutState
                0x0000000008009c84       0x2c Middlewares/Third_Party/FreeRTOS/Source/tasks.o
                0x0000000008009c84                vTaskInternalSetTimeOutState
 .text.xTaskCheckForTimeOut
                0x0000000008009cb0       0xc4 Middlewares/Third_Party/FreeRTOS/Source/tasks.o
                0x0000000008009cb0                xTaskCheckForTimeOut
 .text.vTaskMissedYield
                0x0000000008009d74       0x18 Middlewares/Third_Party/FreeRTOS/Source/tasks.o
                0x0000000008009d74                vTaskMissedYield
 .text.prvIdleTask
                0x0000000008009d8c       0x30 Middlewares/Third_Party/FreeRTOS/Source/tasks.o
 .text.prvInitialiseTaskLists
                0x0000000008009dbc       0x80 Middlewares/Third_Party/FreeRTOS/Source/tasks.o
 .text.prvCheckTasksWaitingTermination
                0x0000000008009e3c       0x5c Middlewares/Third_Party/FreeRTOS/Source/tasks.o
 .text.prvDeleteTCB
                0x0000000008009e98       0x5e Middlewares/Third_Party/FreeRTOS/Source/tasks.o
 *fill*         0x0000000008009ef6        0x2 
 .text.prvResetNextTaskUnblockTime
                0x0000000008009ef8       0x40 Middlewares/Third_Party/FreeRTOS/Source/tasks.o
 .text.xTaskGetSchedulerState
                0x0000000008009f38       0x3c Middlewares/Third_Party/FreeRTOS/Source/tasks.o
                0x0000000008009f38                xTaskGetSchedulerState
 .text.xTaskPriorityDisinherit
                0x0000000008009f74       0xdc Middlewares/Third_Party/FreeRTOS/Source/tasks.o
                0x0000000008009f74                xTaskPriorityDisinherit
 .text.uxTaskResetEventItemValue
                0x000000000800a050       0x30 Middlewares/Third_Party/FreeRTOS/Source/tasks.o
                0x000000000800a050                uxTaskResetEventItemValue
 .text.prvAddCurrentTaskToDelayedList
                0x000000000800a080       0xa8 Middlewares/Third_Party/FreeRTOS/Source/tasks.o
 .text.xTimerCreateTimerTask
                0x000000000800a128       0x90 Middlewares/Third_Party/FreeRTOS/Source/timers.o
                0x000000000800a128                xTimerCreateTimerTask
 .text.xTimerGenericCommand
                0x000000000800a1b8       0x9c Middlewares/Third_Party/FreeRTOS/Source/timers.o
                0x000000000800a1b8                xTimerGenericCommand
 .text.prvProcessExpiredTimer
                0x000000000800a254       0x98 Middlewares/Third_Party/FreeRTOS/Source/timers.o
 .text.prvTimerTask
                0x000000000800a2ec       0x24 Middlewares/Third_Party/FreeRTOS/Source/timers.o
 .text.prvProcessTimerOrBlockTask
                0x000000000800a310       0x9c Middlewares/Third_Party/FreeRTOS/Source/timers.o
 .text.prvGetNextExpireTime
                0x000000000800a3ac       0x48 Middlewares/Third_Party/FreeRTOS/Source/timers.o
 .text.prvSampleTimeNow
                0x000000000800a3f4       0x40 Middlewares/Third_Party/FreeRTOS/Source/timers.o
 .text.prvInsertTimerInActiveList
                0x000000000800a434       0x84 Middlewares/Third_Party/FreeRTOS/Source/timers.o
 .text.prvProcessReceivedCommands
                0x000000000800a4b8      0x1c4 Middlewares/Third_Party/FreeRTOS/Source/timers.o
 .text.prvSwitchTimerLists
                0x000000000800a67c       0xc8 Middlewares/Third_Party/FreeRTOS/Source/timers.o
 .text.prvCheckForValidListAndQueue
                0x000000000800a744       0x80 Middlewares/Third_Party/FreeRTOS/Source/timers.o
 .text.xTimerPendFunctionCallFromISR
                0x000000000800a7c4       0x40 Middlewares/Third_Party/FreeRTOS/Source/timers.o
                0x000000000800a7c4                xTimerPendFunctionCallFromISR
 .text.pxPortInitialiseStack
                0x000000000800a804       0x68 Middlewares/Third_Party/FreeRTOS/Source/portable/GCC/ARM_CM4F/port.o
                0x000000000800a804                pxPortInitialiseStack
 .text.prvTaskExitError
                0x000000000800a86c       0x58 Middlewares/Third_Party/FreeRTOS/Source/portable/GCC/ARM_CM4F/port.o
 *fill*         0x000000000800a8c4        0xc 
 .text.SVC_Handler
                0x000000000800a8d0       0x28 Middlewares/Third_Party/FreeRTOS/Source/portable/GCC/ARM_CM4F/port.o
                0x000000000800a8d0                SVC_Handler
 .text.prvPortStartFirstTask
                0x000000000800a8f8       0x28 Middlewares/Third_Party/FreeRTOS/Source/portable/GCC/ARM_CM4F/port.o
 .text.xPortStartScheduler
                0x000000000800a920      0x144 Middlewares/Third_Party/FreeRTOS/Source/portable/GCC/ARM_CM4F/port.o
                0x000000000800a920                xPortStartScheduler
 .text.vPortEnterCritical
                0x000000000800aa64       0x60 Middlewares/Third_Party/FreeRTOS/Source/portable/GCC/ARM_CM4F/port.o
                0x000000000800aa64                vPortEnterCritical
 .text.vPortExitCritical
                0x000000000800aac4       0x54 Middlewares/Third_Party/FreeRTOS/Source/portable/GCC/ARM_CM4F/port.o
                0x000000000800aac4                vPortExitCritical
 *fill*         0x000000000800ab18        0x8 
 .text.PendSV_Handler
                0x000000000800ab20       0x68 Middlewares/Third_Party/FreeRTOS/Source/portable/GCC/ARM_CM4F/port.o
                0x000000000800ab20                PendSV_Handler
 .text.xPortSysTickHandler
                0x000000000800ab88       0x44 Middlewares/Third_Party/FreeRTOS/Source/portable/GCC/ARM_CM4F/port.o
                0x000000000800ab88                xPortSysTickHandler
 .text.vPortSetupTimerInterrupt
                0x000000000800abcc       0x48 Middlewares/Third_Party/FreeRTOS/Source/portable/GCC/ARM_CM4F/port.o
                0x000000000800abcc                vPortSetupTimerInterrupt
 .text.vPortEnableVFP
                0x000000000800ac14       0x14 Middlewares/Third_Party/FreeRTOS/Source/portable/GCC/ARM_CM4F/port.o
 .text.vPortValidateInterruptPriority
                0x000000000800ac28       0x80 Middlewares/Third_Party/FreeRTOS/Source/portable/GCC/ARM_CM4F/port.o
                0x000000000800ac28                vPortValidateInterruptPriority
 .text.pvPortMalloc
                0x000000000800aca8      0x198 Middlewares/Third_Party/FreeRTOS/Source/portable/MemMang/heap_4.o
                0x000000000800aca8                pvPortMalloc
 .text.vPortFree
                0x000000000800ae40       0xc4 Middlewares/Third_Party/FreeRTOS/Source/portable/MemMang/heap_4.o
                0x000000000800ae40                vPortFree
 .text.prvHeapInit
                0x000000000800af04       0xc4 Middlewares/Third_Party/FreeRTOS/Source/portable/MemMang/heap_4.o
 .text.prvInsertBlockIntoFreeList
                0x000000000800afc8       0xb4 Middlewares/Third_Party/FreeRTOS/Source/portable/MemMang/heap_4.o
 .text.__errno  0x000000000800b07c        0xc c:/st/stm32cubeide_1.6.1/stm32cubeide/plugins/com.st.stm32cube.ide.mcu.externaltools.gnu-tools-for-stm32.9-2020-q2-update.win32_1.5.0.202011040924/tools/bin/../lib/gcc/arm-none-eabi/9.3.1/../../../../arm-none-eabi/lib/thumb/v7e-m+fp/hard\libc_nano.a(lib_a-errno.o)
                0x000000000800b07c                __errno
 .text.__libc_init_array
                0x000000000800b088       0x48 c:/st/stm32cubeide_1.6.1/stm32cubeide/plugins/com.st.stm32cube.ide.mcu.externaltools.gnu-tools-for-stm32.9-2020-q2-update.win32_1.5.0.202011040924/tools/bin/../lib/gcc/arm-none-eabi/9.3.1/../../../../arm-none-eabi/lib/thumb/v7e-m+fp/hard\libc_nano.a(lib_a-init.o)
                0x000000000800b088                __libc_init_array
 .text.memcpy   0x000000000800b0d0       0x1c c:/st/stm32cubeide_1.6.1/stm32cubeide/plugins/com.st.stm32cube.ide.mcu.externaltools.gnu-tools-for-stm32.9-2020-q2-update.win32_1.5.0.202011040924/tools/bin/../lib/gcc/arm-none-eabi/9.3.1/../../../../arm-none-eabi/lib/thumb/v7e-m+fp/hard\libc_nano.a(lib_a-memcpy-stub.o)
                0x000000000800b0d0                memcpy
 .text.memset   0x000000000800b0ec       0x10 c:/st/stm32cubeide_1.6.1/stm32cubeide/plugins/com.st.stm32cube.ide.mcu.externaltools.gnu-tools-for-stm32.9-2020-q2-update.win32_1.5.0.202011040924/tools/bin/../lib/gcc/arm-none-eabi/9.3.1/../../../../arm-none-eabi/lib/thumb/v7e-m+fp/hard\libc_nano.a(lib_a-memset.o)
                0x000000000800b0ec                memset
 *fill*         0x000000000800b0fc        0x4 
 .text.atan     0x000000000800b100      0x340 c:/st/stm32cubeide_1.6.1/stm32cubeide/plugins/com.st.stm32cube.ide.mcu.externaltools.gnu-tools-for-stm32.9-2020-q2-update.win32_1.5.0.202011040924/tools/bin/../lib/gcc/arm-none-eabi/9.3.1/../../../../arm-none-eabi/lib/thumb/v7e-m+fp/hard\libm.a(lib_a-s_atan.o)
                0x000000000800b100                atan
 .text.fabs     0x000000000800b440       0x12 c:/st/stm32cubeide_1.6.1/stm32cubeide/plugins/com.st.stm32cube.ide.mcu.externaltools.gnu-tools-for-stm32.9-2020-q2-update.win32_1.5.0.202011040924/tools/bin/../lib/gcc/arm-none-eabi/9.3.1/../../../../arm-none-eabi/lib/thumb/v7e-m+fp/hard\libm.a(lib_a-s_fabs.o)
                0x000000000800b440                fabs
 *fill*         0x000000000800b452        0x2 
 .text.pow      0x000000000800b454      0x15c c:/st/stm32cubeide_1.6.1/stm32cubeide/plugins/com.st.stm32cube.ide.mcu.externaltools.gnu-tools-for-stm32.9-2020-q2-update.win32_1.5.0.202011040924/tools/bin/../lib/gcc/arm-none-eabi/9.3.1/../../../../arm-none-eabi/lib/thumb/v7e-m+fp/hard\libm.a(lib_a-w_pow.o)
                0x000000000800b454                pow
 .text.sqrt     0x000000000800b5b0       0x68 c:/st/stm32cubeide_1.6.1/stm32cubeide/plugins/com.st.stm32cube.ide.mcu.externaltools.gnu-tools-for-stm32.9-2020-q2-update.win32_1.5.0.202011040924/tools/bin/../lib/gcc/arm-none-eabi/9.3.1/../../../../arm-none-eabi/lib/thumb/v7e-m+fp/hard\libm.a(lib_a-w_sqrt.o)
                0x000000000800b5b0                sqrt
 .text.__ieee754_pow
                0x000000000800b618      0xa44 c:/st/stm32cubeide_1.6.1/stm32cubeide/plugins/com.st.stm32cube.ide.mcu.externaltools.gnu-tools-for-stm32.9-2020-q2-update.win32_1.5.0.202011040924/tools/bin/../lib/gcc/arm-none-eabi/9.3.1/../../../../arm-none-eabi/lib/thumb/v7e-m+fp/hard\libm.a(lib_a-e_pow.o)
                0x000000000800b618                __ieee754_pow
 .text.__ieee754_sqrt
                0x000000000800c05c      0x168 c:/st/stm32cubeide_1.6.1/stm32cubeide/plugins/com.st.stm32cube.ide.mcu.externaltools.gnu-tools-for-stm32.9-2020-q2-update.win32_1.5.0.202011040924/tools/bin/../lib/gcc/arm-none-eabi/9.3.1/../../../../arm-none-eabi/lib/thumb/v7e-m+fp/hard\libm.a(lib_a-e_sqrt.o)
                0x000000000800c05c                __ieee754_sqrt
 .text.finite   0x000000000800c1c4       0x16 c:/st/stm32cubeide_1.6.1/stm32cubeide/plugins/com.st.stm32cube.ide.mcu.externaltools.gnu-tools-for-stm32.9-2020-q2-update.win32_1.5.0.202011040924/tools/bin/../lib/gcc/arm-none-eabi/9.3.1/../../../../arm-none-eabi/lib/thumb/v7e-m+fp/hard\libm.a(lib_a-s_finite.o)
                0x000000000800c1c4                finite
 *fill*         0x000000000800c1da        0x6 
 .text.nan      0x000000000800c1e0       0x10 c:/st/stm32cubeide_1.6.1/stm32cubeide/plugins/com.st.stm32cube.ide.mcu.externaltools.gnu-tools-for-stm32.9-2020-q2-update.win32_1.5.0.202011040924/tools/bin/../lib/gcc/arm-none-eabi/9.3.1/../../../../arm-none-eabi/lib/thumb/v7e-m+fp/hard\libm.a(lib_a-s_nan.o)
                0x000000000800c1e0                nan
 .text.rint     0x000000000800c1f0      0x114 c:/st/stm32cubeide_1.6.1/stm32cubeide/plugins/com.st.stm32cube.ide.mcu.externaltools.gnu-tools-for-stm32.9-2020-q2-update.win32_1.5.0.202011040924/tools/bin/../lib/gcc/arm-none-eabi/9.3.1/../../../../arm-none-eabi/lib/thumb/v7e-m+fp/hard\libm.a(lib_a-s_rint.o)
                0x000000000800c1f0                rint
 *fill*         0x000000000800c304        0x4 
 .text.scalbn   0x000000000800c308      0x10c c:/st/stm32cubeide_1.6.1/stm32cubeide/plugins/com.st.stm32cube.ide.mcu.externaltools.gnu-tools-for-stm32.9-2020-q2-update.win32_1.5.0.202011040924/tools/bin/../lib/gcc/arm-none-eabi/9.3.1/../../../../arm-none-eabi/lib/thumb/v7e-m+fp/hard\libm.a(lib_a-s_scalbn.o)
                0x000000000800c308                scalbn
 *(.glue_7)
 .glue_7        0x000000000800c414        0x0 linker stubs
 *(.glue_7t)
 .glue_7t       0x000000000800c414        0x0 linker stubs
 *(.eh_frame)
 .eh_frame      0x000000000800c414        0x0 c:/st/stm32cubeide_1.6.1/stm32cubeide/plugins/com.st.stm32cube.ide.mcu.externaltools.gnu-tools-for-stm32.9-2020-q2-update.win32_1.5.0.202011040924/tools/bin/../lib/gcc/arm-none-eabi/9.3.1/thumb/v7e-m+fp/hard/crtbegin.o
 *(.init)
 .init          0x000000000800c414        0x4 c:/st/stm32cubeide_1.6.1/stm32cubeide/plugins/com.st.stm32cube.ide.mcu.externaltools.gnu-tools-for-stm32.9-2020-q2-update.win32_1.5.0.202011040924/tools/bin/../lib/gcc/arm-none-eabi/9.3.1/thumb/v7e-m+fp/hard/crti.o
                0x000000000800c414                _init
 .init          0x000000000800c418        0x8 c:/st/stm32cubeide_1.6.1/stm32cubeide/plugins/com.st.stm32cube.ide.mcu.externaltools.gnu-tools-for-stm32.9-2020-q2-update.win32_1.5.0.202011040924/tools/bin/../lib/gcc/arm-none-eabi/9.3.1/thumb/v7e-m+fp/hard/crtn.o
 *(.fini)
 .fini          0x000000000800c420        0x4 c:/st/stm32cubeide_1.6.1/stm32cubeide/plugins/com.st.stm32cube.ide.mcu.externaltools.gnu-tools-for-stm32.9-2020-q2-update.win32_1.5.0.202011040924/tools/bin/../lib/gcc/arm-none-eabi/9.3.1/thumb/v7e-m+fp/hard/crti.o
                0x000000000800c420                _fini
 .fini          0x000000000800c424        0x8 c:/st/stm32cubeide_1.6.1/stm32cubeide/plugins/com.st.stm32cube.ide.mcu.externaltools.gnu-tools-for-stm32.9-2020-q2-update.win32_1.5.0.202011040924/tools/bin/../lib/gcc/arm-none-eabi/9.3.1/thumb/v7e-m+fp/hard/crtn.o
                0x000000000800c42c                . = ALIGN (0x4)
                0x000000000800c42c                _etext = .

.vfp11_veneer   0x000000000800c42c        0x0
 .vfp11_veneer  0x000000000800c42c        0x0 linker stubs

.v4_bx          0x000000000800c42c        0x0
 .v4_bx         0x000000000800c42c        0x0 linker stubs

.iplt           0x000000000800c42c        0x0
 .iplt          0x000000000800c42c        0x0 c:/st/stm32cubeide_1.6.1/stm32cubeide/plugins/com.st.stm32cube.ide.mcu.externaltools.gnu-tools-for-stm32.9-2020-q2-update.win32_1.5.0.202011040924/tools/bin/../lib/gcc/arm-none-eabi/9.3.1/thumb/v7e-m+fp/hard/crtbegin.o

.rodata         0x000000000800c430     0x1730
                0x000000000800c430                . = ALIGN (0x4)
 *(.rodata)
 .rodata        0x000000000800c430       0xaf Core/Src/main.o
 *fill*         0x000000000800c4df        0x1 
 .rodata        0x000000000800c4e0        0x5 Middlewares/Third_Party/FreeRTOS/Source/tasks.o
 *fill*         0x000000000800c4e5        0x3 
 .rodata        0x000000000800c4e8        0xd Middlewares/Third_Party/FreeRTOS/Source/timers.o
 *(.rodata*)
 *fill*         0x000000000800c4f5        0x3 
 .rodata.Font7x10
                0x000000000800c4f8      0x76c Core/Src/fonts.o
                0x000000000800c4f8                Font7x10
 .rodata.Font11x18
                0x000000000800cc64      0xd5c Core/Src/fonts.o
                0x000000000800cc64                Font11x18
 .rodata.Tarea1_attributes
                0x000000000800d9c0       0x24 Core/Src/main.o
                0x000000000800d9c0                Tarea1_attributes
 .rodata.Tarea2_attributes
                0x000000000800d9e4       0x24 Core/Src/main.o
                0x000000000800d9e4                Tarea2_attributes
 .rodata.Tarea3_attributes
                0x000000000800da08       0x24 Core/Src/main.o
                0x000000000800da08                Tarea3_attributes
 .rodata.Tarea4_attributes
                0x000000000800da2c       0x24 Core/Src/main.o
                0x000000000800da2c                Tarea4_attributes
 .rodata.Queue1_attributes
                0x000000000800da50       0x18 Core/Src/main.o
                0x000000000800da50                Queue1_attributes
 .rodata.Queue2_attributes
                0x000000000800da68       0x18 Core/Src/main.o
                0x000000000800da68                Queue2_attributes
 .rodata.Flag_attributes
                0x000000000800da80       0x10 Core/Src/main.o
                0x000000000800da80                Flag_attributes
 .rodata.AHBPrescTable
                0x000000000800da90       0x10 Core/Src/system_stm32l4xx.o
                0x000000000800da90                AHBPrescTable
 .rodata.APBPrescTable
                0x000000000800daa0        0x8 Core/Src/system_stm32l4xx.o
                0x000000000800daa0                APBPrescTable
 .rodata.MSIRangeTable
                0x000000000800daa8       0x30 Core/Src/system_stm32l4xx.o
                0x000000000800daa8                MSIRangeTable
 .rodata.atanhi
                0x000000000800dad8       0x20 c:/st/stm32cubeide_1.6.1/stm32cubeide/plugins/com.st.stm32cube.ide.mcu.externaltools.gnu-tools-for-stm32.9-2020-q2-update.win32_1.5.0.202011040924/tools/bin/../lib/gcc/arm-none-eabi/9.3.1/../../../../arm-none-eabi/lib/thumb/v7e-m+fp/hard\libm.a(lib_a-s_atan.o)
 .rodata.atanlo
                0x000000000800daf8       0x20 c:/st/stm32cubeide_1.6.1/stm32cubeide/plugins/com.st.stm32cube.ide.mcu.externaltools.gnu-tools-for-stm32.9-2020-q2-update.win32_1.5.0.202011040924/tools/bin/../lib/gcc/arm-none-eabi/9.3.1/../../../../arm-none-eabi/lib/thumb/v7e-m+fp/hard\libm.a(lib_a-s_atan.o)
 .rodata.__ieee754_pow.str1.1
                0x000000000800db18        0x1 c:/st/stm32cubeide_1.6.1/stm32cubeide/plugins/com.st.stm32cube.ide.mcu.externaltools.gnu-tools-for-stm32.9-2020-q2-update.win32_1.5.0.202011040924/tools/bin/../lib/gcc/arm-none-eabi/9.3.1/../../../../arm-none-eabi/lib/thumb/v7e-m+fp/hard\libm.a(lib_a-e_pow.o)
 *fill*         0x000000000800db19        0x7 
 .rodata.bp     0x000000000800db20       0x10 c:/st/stm32cubeide_1.6.1/stm32cubeide/plugins/com.st.stm32cube.ide.mcu.externaltools.gnu-tools-for-stm32.9-2020-q2-update.win32_1.5.0.202011040924/tools/bin/../lib/gcc/arm-none-eabi/9.3.1/../../../../arm-none-eabi/lib/thumb/v7e-m+fp/hard\libm.a(lib_a-e_pow.o)
 .rodata.dp_h   0x000000000800db30       0x10 c:/st/stm32cubeide_1.6.1/stm32cubeide/plugins/com.st.stm32cube.ide.mcu.externaltools.gnu-tools-for-stm32.9-2020-q2-update.win32_1.5.0.202011040924/tools/bin/../lib/gcc/arm-none-eabi/9.3.1/../../../../arm-none-eabi/lib/thumb/v7e-m+fp/hard\libm.a(lib_a-e_pow.o)
 .rodata.dp_l   0x000000000800db40       0x10 c:/st/stm32cubeide_1.6.1/stm32cubeide/plugins/com.st.stm32cube.ide.mcu.externaltools.gnu-tools-for-stm32.9-2020-q2-update.win32_1.5.0.202011040924/tools/bin/../lib/gcc/arm-none-eabi/9.3.1/../../../../arm-none-eabi/lib/thumb/v7e-m+fp/hard\libm.a(lib_a-e_pow.o)
 .rodata.TWO52  0x000000000800db50       0x10 c:/st/stm32cubeide_1.6.1/stm32cubeide/plugins/com.st.stm32cube.ide.mcu.externaltools.gnu-tools-for-stm32.9-2020-q2-update.win32_1.5.0.202011040924/tools/bin/../lib/gcc/arm-none-eabi/9.3.1/../../../../arm-none-eabi/lib/thumb/v7e-m+fp/hard\libm.a(lib_a-s_rint.o)
                0x000000000800db60                . = ALIGN (0x4)

.ARM.extab      0x000000000800db60        0x0
                0x000000000800db60                . = ALIGN (0x4)
 *(.ARM.extab* .gnu.linkonce.armextab.*)
                0x000000000800db60                . = ALIGN (0x4)

.ARM            0x000000000800db60        0x8
                0x000000000800db60                . = ALIGN (0x4)
                0x000000000800db60                __exidx_start = .
 *(.ARM.exidx*)
 .ARM.exidx     0x000000000800db60        0x8 c:/st/stm32cubeide_1.6.1/stm32cubeide/plugins/com.st.stm32cube.ide.mcu.externaltools.gnu-tools-for-stm32.9-2020-q2-update.win32_1.5.0.202011040924/tools/bin/../lib/gcc/arm-none-eabi/9.3.1/thumb/v7e-m+fp/hard\libgcc.a(_udivmoddi4.o)
                0x000000000800db68                __exidx_end = .
                0x000000000800db68                . = ALIGN (0x4)

.rel.dyn        0x000000000800db68        0x0
 .rel.iplt      0x000000000800db68        0x0 c:/st/stm32cubeide_1.6.1/stm32cubeide/plugins/com.st.stm32cube.ide.mcu.externaltools.gnu-tools-for-stm32.9-2020-q2-update.win32_1.5.0.202011040924/tools/bin/../lib/gcc/arm-none-eabi/9.3.1/thumb/v7e-m+fp/hard/crtbegin.o

.preinit_array  0x000000000800db68        0x0
                0x000000000800db68                . = ALIGN (0x4)
                0x000000000800db68                PROVIDE (__preinit_array_start = .)
 *(.preinit_array*)
                0x000000000800db68                PROVIDE (__preinit_array_end = .)
                0x000000000800db68                . = ALIGN (0x4)

.init_array     0x000000000800db68        0x4
                0x000000000800db68                . = ALIGN (0x4)
                0x000000000800db68                PROVIDE (__init_array_start = .)
 *(SORT_BY_NAME(.init_array.*))
 *(.init_array*)
 .init_array    0x000000000800db68        0x4 c:/st/stm32cubeide_1.6.1/stm32cubeide/plugins/com.st.stm32cube.ide.mcu.externaltools.gnu-tools-for-stm32.9-2020-q2-update.win32_1.5.0.202011040924/tools/bin/../lib/gcc/arm-none-eabi/9.3.1/thumb/v7e-m+fp/hard/crtbegin.o
                0x000000000800db6c                PROVIDE (__init_array_end = .)
                0x000000000800db6c                . = ALIGN (0x4)

.fini_array     0x000000000800db6c        0x4
                0x000000000800db6c                . = ALIGN (0x4)
                [!provide]                        PROVIDE (__fini_array_start = .)
 *(SORT_BY_NAME(.fini_array.*))
 *(.fini_array*)
 .fini_array    0x000000000800db6c        0x4 c:/st/stm32cubeide_1.6.1/stm32cubeide/plugins/com.st.stm32cube.ide.mcu.externaltools.gnu-tools-for-stm32.9-2020-q2-update.win32_1.5.0.202011040924/tools/bin/../lib/gcc/arm-none-eabi/9.3.1/thumb/v7e-m+fp/hard/crtbegin.o
                [!provide]                        PROVIDE (__fini_array_end = .)
                0x000000000800db70                . = ALIGN (0x4)
                0x000000000800db70                _sidata = LOADADDR (.data)

.data           0x0000000020000000       0x9c load address 0x000000000800db70
                0x0000000020000000                . = ALIGN (0x4)
                0x0000000020000000                _sdata = .
 *(.data)
 *(.data*)
 .data.Font_7x10
                0x0000000020000000        0x8 Core/Src/fonts.o
                0x0000000020000000                Font_7x10
 .data.Font_11x18
                0x0000000020000008        0x8 Core/Src/fonts.o
                0x0000000020000008                Font_11x18
 .data.analog_max
                0x0000000020000010       0x14 Core/Src/main.o
                0x0000000020000010                analog_max
 .data.SystemCoreClock
                0x0000000020000024        0x4 Core/Src/system_stm32l4xx.o
                0x0000000020000024                SystemCoreClock
 .data.uwTickPrio
                0x0000000020000028        0x4 Drivers/STM32L4xx_HAL_Driver/Src/stm32l4xx_hal.o
                0x0000000020000028                uwTickPrio
 .data.uwTickFreq
                0x000000002000002c        0x1 Drivers/STM32L4xx_HAL_Driver/Src/stm32l4xx_hal.o
                0x000000002000002c                uwTickFreq
 *fill*         0x000000002000002d        0x3 
 .data.uxCriticalNesting
                0x0000000020000030        0x4 Middlewares/Third_Party/FreeRTOS/Source/portable/GCC/ARM_CM4F/port.o
 .data._impure_ptr
                0x0000000020000034        0x4 c:/st/stm32cubeide_1.6.1/stm32cubeide/plugins/com.st.stm32cube.ide.mcu.externaltools.gnu-tools-for-stm32.9-2020-q2-update.win32_1.5.0.202011040924/tools/bin/../lib/gcc/arm-none-eabi/9.3.1/../../../../arm-none-eabi/lib/thumb/v7e-m+fp/hard\libc_nano.a(lib_a-impure.o)
                0x0000000020000034                _impure_ptr
 .data.impure_data
                0x0000000020000038       0x60 c:/st/stm32cubeide_1.6.1/stm32cubeide/plugins/com.st.stm32cube.ide.mcu.externaltools.gnu-tools-for-stm32.9-2020-q2-update.win32_1.5.0.202011040924/tools/bin/../lib/gcc/arm-none-eabi/9.3.1/../../../../arm-none-eabi/lib/thumb/v7e-m+fp/hard\libc_nano.a(lib_a-impure.o)
 .data.__fdlib_version
                0x0000000020000098        0x1 c:/st/stm32cubeide_1.6.1/stm32cubeide/plugins/com.st.stm32cube.ide.mcu.externaltools.gnu-tools-for-stm32.9-2020-q2-update.win32_1.5.0.202011040924/tools/bin/../lib/gcc/arm-none-eabi/9.3.1/../../../../arm-none-eabi/lib/thumb/v7e-m+fp/hard\libm.a(lib_a-s_lib_ver.o)
                0x0000000020000098                __fdlib_version
 *(.RamFunc)
 *(.RamFunc*)
                0x000000002000009c                . = ALIGN (0x4)
 *fill*         0x0000000020000099        0x3 
                0x000000002000009c                _edata = .

.igot.plt       0x000000002000009c        0x0 load address 0x000000000800dc0c
 .igot.plt      0x000000002000009c        0x0 c:/st/stm32cubeide_1.6.1/stm32cubeide/plugins/com.st.stm32cube.ide.mcu.externaltools.gnu-tools-for-stm32.9-2020-q2-update.win32_1.5.0.202011040924/tools/bin/../lib/gcc/arm-none-eabi/9.3.1/thumb/v7e-m+fp/hard/crtbegin.o
                0x000000002000009c                . = ALIGN (0x4)

.bss            0x000000002000009c     0x1f24 load address 0x000000000800dc0c
                0x000000002000009c                _sbss = .
                0x000000002000009c                __bss_start__ = _sbss
 *(.bss)
 .bss           0x000000002000009c       0x1c c:/st/stm32cubeide_1.6.1/stm32cubeide/plugins/com.st.stm32cube.ide.mcu.externaltools.gnu-tools-for-stm32.9-2020-q2-update.win32_1.5.0.202011040924/tools/bin/../lib/gcc/arm-none-eabi/9.3.1/thumb/v7e-m+fp/hard/crtbegin.o
 *(.bss*)
 .bss.datos_f   0x00000000200000b8       0x14 Core/Src/main.o
                0x00000000200000b8                datos_f
 .bss.grados_pack
                0x00000000200000cc       0x14 Core/Src/main.o
                0x00000000200000cc                grados_pack
 .bss.analog_min
                0x00000000200000e0       0x14 Core/Src/main.o
                0x00000000200000e0                analog_min
 .bss.count     0x00000000200000f4        0x4 Core/Src/main.o
                0x00000000200000f4                count
 .bss.dt        0x00000000200000f8        0x4 Core/Src/main.o
                0x00000000200000f8                dt
 .bss.SSD1306_Buffer
                0x00000000200000fc      0x400 Core/Src/ssd1306.o
 .bss.SSD1306   0x00000000200004fc        0x6 Core/Src/ssd1306.o
 *fill*         0x0000000020000502        0x2 
 .bss.KernelState
                0x0000000020000504        0x4 Middlewares/Third_Party/FreeRTOS/Source/CMSIS_RTOS_V2/cmsis_os2.o
 .bss.Idle_TCB.11373
                0x0000000020000508       0x5c Middlewares/Third_Party/FreeRTOS/Source/CMSIS_RTOS_V2/cmsis_os2.o
 .bss.Idle_Stack.11374
                0x0000000020000564      0x200 Middlewares/Third_Party/FreeRTOS/Source/CMSIS_RTOS_V2/cmsis_os2.o
 .bss.Timer_TCB.11380
                0x0000000020000764       0x5c Middlewares/Third_Party/FreeRTOS/Source/CMSIS_RTOS_V2/cmsis_os2.o
 .bss.Timer_Stack.11381
                0x00000000200007c0      0x400 Middlewares/Third_Party/FreeRTOS/Source/CMSIS_RTOS_V2/cmsis_os2.o
 .bss.pxCurrentTCB
                0x0000000020000bc0        0x4 Middlewares/Third_Party/FreeRTOS/Source/tasks.o
                0x0000000020000bc0                pxCurrentTCB
 .bss.pxReadyTasksLists
                0x0000000020000bc4      0x460 Middlewares/Third_Party/FreeRTOS/Source/tasks.o
 .bss.xDelayedTaskList1
                0x0000000020001024       0x14 Middlewares/Third_Party/FreeRTOS/Source/tasks.o
 .bss.xDelayedTaskList2
                0x0000000020001038       0x14 Middlewares/Third_Party/FreeRTOS/Source/tasks.o
 .bss.pxDelayedTaskList
                0x000000002000104c        0x4 Middlewares/Third_Party/FreeRTOS/Source/tasks.o
 .bss.pxOverflowDelayedTaskList
                0x0000000020001050        0x4 Middlewares/Third_Party/FreeRTOS/Source/tasks.o
 .bss.xPendingReadyList
                0x0000000020001054       0x14 Middlewares/Third_Party/FreeRTOS/Source/tasks.o
 .bss.xTasksWaitingTermination
                0x0000000020001068       0x14 Middlewares/Third_Party/FreeRTOS/Source/tasks.o
 .bss.uxDeletedTasksWaitingCleanUp
                0x000000002000107c        0x4 Middlewares/Third_Party/FreeRTOS/Source/tasks.o
 .bss.xSuspendedTaskList
                0x0000000020001080       0x14 Middlewares/Third_Party/FreeRTOS/Source/tasks.o
 .bss.uxCurrentNumberOfTasks
                0x0000000020001094        0x4 Middlewares/Third_Party/FreeRTOS/Source/tasks.o
 .bss.xTickCount
                0x0000000020001098        0x4 Middlewares/Third_Party/FreeRTOS/Source/tasks.o
 .bss.uxTopReadyPriority
                0x000000002000109c        0x4 Middlewares/Third_Party/FreeRTOS/Source/tasks.o
 .bss.xSchedulerRunning
                0x00000000200010a0        0x4 Middlewares/Third_Party/FreeRTOS/Source/tasks.o
 .bss.xPendedTicks
                0x00000000200010a4        0x4 Middlewares/Third_Party/FreeRTOS/Source/tasks.o
 .bss.xYieldPending
                0x00000000200010a8        0x4 Middlewares/Third_Party/FreeRTOS/Source/tasks.o
 .bss.xNumOfOverflows
                0x00000000200010ac        0x4 Middlewares/Third_Party/FreeRTOS/Source/tasks.o
 .bss.uxTaskNumber
                0x00000000200010b0        0x4 Middlewares/Third_Party/FreeRTOS/Source/tasks.o
 .bss.xNextTaskUnblockTime
                0x00000000200010b4        0x4 Middlewares/Third_Party/FreeRTOS/Source/tasks.o
 .bss.xIdleTaskHandle
                0x00000000200010b8        0x4 Middlewares/Third_Party/FreeRTOS/Source/tasks.o
 .bss.uxSchedulerSuspended
                0x00000000200010bc        0x4 Middlewares/Third_Party/FreeRTOS/Source/tasks.o
 .bss.xActiveTimerList1
                0x00000000200010c0       0x14 Middlewares/Third_Party/FreeRTOS/Source/timers.o
 .bss.xActiveTimerList2
                0x00000000200010d4       0x14 Middlewares/Third_Party/FreeRTOS/Source/timers.o
 .bss.pxCurrentTimerList
                0x00000000200010e8        0x4 Middlewares/Third_Party/FreeRTOS/Source/timers.o
 .bss.pxOverflowTimerList
                0x00000000200010ec        0x4 Middlewares/Third_Party/FreeRTOS/Source/timers.o
 .bss.xTimerQueue
                0x00000000200010f0        0x4 Middlewares/Third_Party/FreeRTOS/Source/timers.o
 .bss.xTimerTaskHandle
                0x00000000200010f4        0x4 Middlewares/Third_Party/FreeRTOS/Source/timers.o
 .bss.xLastTime.6927
                0x00000000200010f8        0x4 Middlewares/Third_Party/FreeRTOS/Source/timers.o
 .bss.ucStaticTimerQueueStorage.6978
                0x00000000200010fc       0xa0 Middlewares/Third_Party/FreeRTOS/Source/timers.o
 .bss.xStaticTimerQueue.6977
                0x000000002000119c       0x50 Middlewares/Third_Party/FreeRTOS/Source/timers.o
 .bss.ucMaxSysCallPriority
                0x00000000200011ec        0x1 Middlewares/Third_Party/FreeRTOS/Source/portable/GCC/ARM_CM4F/port.o
 *fill*         0x00000000200011ed        0x3 
 .bss.ulMaxPRIGROUPValue
                0x00000000200011f0        0x4 Middlewares/Third_Party/FreeRTOS/Source/portable/GCC/ARM_CM4F/port.o
 .bss.ucHeap    0x00000000200011f4      0xbb8 Middlewares/Third_Party/FreeRTOS/Source/portable/MemMang/heap_4.o
 .bss.xStart    0x0000000020001dac        0x8 Middlewares/Third_Party/FreeRTOS/Source/portable/MemMang/heap_4.o
 .bss.pxEnd     0x0000000020001db4        0x4 Middlewares/Third_Party/FreeRTOS/Source/portable/MemMang/heap_4.o
 .bss.xFreeBytesRemaining
                0x0000000020001db8        0x4 Middlewares/Third_Party/FreeRTOS/Source/portable/MemMang/heap_4.o
 .bss.xMinimumEverFreeBytesRemaining
                0x0000000020001dbc        0x4 Middlewares/Third_Party/FreeRTOS/Source/portable/MemMang/heap_4.o
 .bss.xNumberOfSuccessfulAllocations
                0x0000000020001dc0        0x4 Middlewares/Third_Party/FreeRTOS/Source/portable/MemMang/heap_4.o
 .bss.xNumberOfSuccessfulFrees
                0x0000000020001dc4        0x4 Middlewares/Third_Party/FreeRTOS/Source/portable/MemMang/heap_4.o
 .bss.xBlockAllocatedBit
                0x0000000020001dc8        0x4 Middlewares/Third_Party/FreeRTOS/Source/portable/MemMang/heap_4.o
 *(COMMON)
 COMMON         0x0000000020001dcc      0x1b0 Core/Src/main.o
                0x0000000020001dcc                datos
                0x0000000020001de0                Queue2Handle
                0x0000000020001de4                hi2c1
                0x0000000020001e30                Tarea3Handle
                0x0000000020001e34                Queue1Handle
                0x0000000020001e38                hadc1
                0x0000000020001e9c                Tarea4Handle
                0x0000000020001ea0                huart1
                0x0000000020001f24                htim6
                0x0000000020001f70                FlagHandle
                0x0000000020001f74                Tarea1Handle
                0x0000000020001f78                Tarea2Handle
 COMMON         0x0000000020001f7c        0x4 Drivers/STM32L4xx_HAL_Driver/Src/stm32l4xx_hal.o
                0x0000000020001f7c                uwTick
 COMMON         0x0000000020001f80       0x40 Middlewares/Third_Party/FreeRTOS/Source/queue.o
                0x0000000020001f80                xQueueRegistry
                0x0000000020001fc0                . = ALIGN (0x4)
                0x0000000020001fc0                _ebss = .
                0x0000000020001fc0                __bss_end__ = _ebss

._user_heap_stack
                0x0000000020001fc0      0x600 load address 0x000000000800dc0c
                0x0000000020001fc0                . = ALIGN (0x8)
                [!provide]                        PROVIDE (end = .)
                0x0000000020001fc0                PROVIDE (_end = .)
                0x00000000200021c0                . = (. + _Min_Heap_Size)
 *fill*         0x0000000020001fc0      0x200 
                0x00000000200025c0                . = (. + _Min_Stack_Size)
 *fill*         0x00000000200021c0      0x400 
                0x00000000200025c0                . = ALIGN (0x8)

/DISCARD/
 libc.a(*)
 libm.a(*)
 libgcc.a(*)

.ARM.attributes
                0x0000000000000000       0x30
 *(.ARM.attributes)
 .ARM.attributes
                0x0000000000000000       0x1e c:/st/stm32cubeide_1.6.1/stm32cubeide/plugins/com.st.stm32cube.ide.mcu.externaltools.gnu-tools-for-stm32.9-2020-q2-update.win32_1.5.0.202011040924/tools/bin/../lib/gcc/arm-none-eabi/9.3.1/thumb/v7e-m+fp/hard/crti.o
 .ARM.attributes
                0x000000000000001e       0x34 c:/st/stm32cubeide_1.6.1/stm32cubeide/plugins/com.st.stm32cube.ide.mcu.externaltools.gnu-tools-for-stm32.9-2020-q2-update.win32_1.5.0.202011040924/tools/bin/../lib/gcc/arm-none-eabi/9.3.1/thumb/v7e-m+fp/hard/crtbegin.o
 .ARM.attributes
                0x0000000000000052       0x34 Core/Src/fonts.o
 .ARM.attributes
                0x0000000000000086       0x34 Core/Src/main.o
 .ARM.attributes
                0x00000000000000ba       0x34 Core/Src/ssd1306.o
 .ARM.attributes
                0x00000000000000ee       0x34 Core/Src/stm32l4xx_hal_msp.o
 .ARM.attributes
                0x0000000000000122       0x34 Core/Src/stm32l4xx_it.o
 .ARM.attributes
                0x0000000000000156       0x34 Core/Src/system_stm32l4xx.o
 .ARM.attributes
                0x000000000000018a       0x21 Core/Startup/startup_stm32l432kcux.o
 .ARM.attributes
                0x00000000000001ab       0x34 Drivers/STM32L4xx_HAL_Driver/Src/stm32l4xx_hal.o
 .ARM.attributes
                0x00000000000001df       0x34 Drivers/STM32L4xx_HAL_Driver/Src/stm32l4xx_hal_adc.o
 .ARM.attributes
                0x0000000000000213       0x34 Drivers/STM32L4xx_HAL_Driver/Src/stm32l4xx_hal_cortex.o
 .ARM.attributes
                0x0000000000000247       0x34 Drivers/STM32L4xx_HAL_Driver/Src/stm32l4xx_hal_dma.o
 .ARM.attributes
                0x000000000000027b       0x34 Drivers/STM32L4xx_HAL_Driver/Src/stm32l4xx_hal_gpio.o
 .ARM.attributes
                0x00000000000002af       0x34 Drivers/STM32L4xx_HAL_Driver/Src/stm32l4xx_hal_i2c.o
 .ARM.attributes
                0x00000000000002e3       0x34 Drivers/STM32L4xx_HAL_Driver/Src/stm32l4xx_hal_i2c_ex.o
 .ARM.attributes
                0x0000000000000317       0x34 Drivers/STM32L4xx_HAL_Driver/Src/stm32l4xx_hal_pwr.o
 .ARM.attributes
                0x000000000000034b       0x34 Drivers/STM32L4xx_HAL_Driver/Src/stm32l4xx_hal_pwr_ex.o
 .ARM.attributes
                0x000000000000037f       0x34 Drivers/STM32L4xx_HAL_Driver/Src/stm32l4xx_hal_rcc.o
 .ARM.attributes
                0x00000000000003b3       0x34 Drivers/STM32L4xx_HAL_Driver/Src/stm32l4xx_hal_rcc_ex.o
 .ARM.attributes
                0x00000000000003e7       0x34 Drivers/STM32L4xx_HAL_Driver/Src/stm32l4xx_hal_tim.o
 .ARM.attributes
                0x000000000000041b       0x34 Drivers/STM32L4xx_HAL_Driver/Src/stm32l4xx_hal_tim_ex.o
 .ARM.attributes
                0x000000000000044f       0x34 Drivers/STM32L4xx_HAL_Driver/Src/stm32l4xx_hal_uart.o
 .ARM.attributes
                0x0000000000000483       0x34 Drivers/STM32L4xx_HAL_Driver/Src/stm32l4xx_hal_uart_ex.o
 .ARM.attributes
                0x00000000000004b7       0x34 Middlewares/Third_Party/FreeRTOS/Source/CMSIS_RTOS_V2/cmsis_os2.o
 .ARM.attributes
                0x00000000000004eb       0x34 Middlewares/Third_Party/FreeRTOS/Source/event_groups.o
 .ARM.attributes
                0x000000000000051f       0x34 Middlewares/Third_Party/FreeRTOS/Source/list.o
 .ARM.attributes
                0x0000000000000553       0x34 Middlewares/Third_Party/FreeRTOS/Source/queue.o
 .ARM.attributes
                0x0000000000000587       0x34 Middlewares/Third_Party/FreeRTOS/Source/tasks.o
 .ARM.attributes
                0x00000000000005bb       0x34 Middlewares/Third_Party/FreeRTOS/Source/timers.o
 .ARM.attributes
                0x00000000000005ef       0x34 Middlewares/Third_Party/FreeRTOS/Source/portable/GCC/ARM_CM4F/port.o
 .ARM.attributes
                0x0000000000000623       0x34 Middlewares/Third_Party/FreeRTOS/Source/portable/MemMang/heap_4.o
 .ARM.attributes
                0x0000000000000657       0x34 c:/st/stm32cubeide_1.6.1/stm32cubeide/plugins/com.st.stm32cube.ide.mcu.externaltools.gnu-tools-for-stm32.9-2020-q2-update.win32_1.5.0.202011040924/tools/bin/../lib/gcc/arm-none-eabi/9.3.1/../../../../arm-none-eabi/lib/thumb/v7e-m+fp/hard\libc_nano.a(lib_a-errno.o)
 .ARM.attributes
                0x000000000000068b       0x32 c:/st/stm32cubeide_1.6.1/stm32cubeide/plugins/com.st.stm32cube.ide.mcu.externaltools.gnu-tools-for-stm32.9-2020-q2-update.win32_1.5.0.202011040924/tools/bin/../lib/gcc/arm-none-eabi/9.3.1/../../../../arm-none-eabi/lib/thumb/v7e-m+fp/hard\libc_nano.a(lib_a-impure.o)
 .ARM.attributes
                0x00000000000006bd       0x34 c:/st/stm32cubeide_1.6.1/stm32cubeide/plugins/com.st.stm32cube.ide.mcu.externaltools.gnu-tools-for-stm32.9-2020-q2-update.win32_1.5.0.202011040924/tools/bin/../lib/gcc/arm-none-eabi/9.3.1/../../../../arm-none-eabi/lib/thumb/v7e-m+fp/hard\libc_nano.a(lib_a-init.o)
 .ARM.attributes
                0x00000000000006f1       0x34 c:/st/stm32cubeide_1.6.1/stm32cubeide/plugins/com.st.stm32cube.ide.mcu.externaltools.gnu-tools-for-stm32.9-2020-q2-update.win32_1.5.0.202011040924/tools/bin/../lib/gcc/arm-none-eabi/9.3.1/../../../../arm-none-eabi/lib/thumb/v7e-m+fp/hard\libc_nano.a(lib_a-memcpy-stub.o)
 .ARM.attributes
                0x0000000000000725       0x34 c:/st/stm32cubeide_1.6.1/stm32cubeide/plugins/com.st.stm32cube.ide.mcu.externaltools.gnu-tools-for-stm32.9-2020-q2-update.win32_1.5.0.202011040924/tools/bin/../lib/gcc/arm-none-eabi/9.3.1/../../../../arm-none-eabi/lib/thumb/v7e-m+fp/hard\libc_nano.a(lib_a-memset.o)
 .ARM.attributes
                0x0000000000000759       0x34 c:/st/stm32cubeide_1.6.1/stm32cubeide/plugins/com.st.stm32cube.ide.mcu.externaltools.gnu-tools-for-stm32.9-2020-q2-update.win32_1.5.0.202011040924/tools/bin/../lib/gcc/arm-none-eabi/9.3.1/../../../../arm-none-eabi/lib/thumb/v7e-m+fp/hard\libm.a(lib_a-s_atan.o)
 .ARM.attributes
                0x000000000000078d       0x34 c:/st/stm32cubeide_1.6.1/stm32cubeide/plugins/com.st.stm32cube.ide.mcu.externaltools.gnu-tools-for-stm32.9-2020-q2-update.win32_1.5.0.202011040924/tools/bin/../lib/gcc/arm-none-eabi/9.3.1/../../../../arm-none-eabi/lib/thumb/v7e-m+fp/hard\libm.a(lib_a-s_fabs.o)
 .ARM.attributes
                0x00000000000007c1       0x34 c:/st/stm32cubeide_1.6.1/stm32cubeide/plugins/com.st.stm32cube.ide.mcu.externaltools.gnu-tools-for-stm32.9-2020-q2-update.win32_1.5.0.202011040924/tools/bin/../lib/gcc/arm-none-eabi/9.3.1/../../../../arm-none-eabi/lib/thumb/v7e-m+fp/hard\libm.a(lib_a-w_pow.o)
 .ARM.attributes
                0x00000000000007f5       0x34 c:/st/stm32cubeide_1.6.1/stm32cubeide/plugins/com.st.stm32cube.ide.mcu.externaltools.gnu-tools-for-stm32.9-2020-q2-update.win32_1.5.0.202011040924/tools/bin/../lib/gcc/arm-none-eabi/9.3.1/../../../../arm-none-eabi/lib/thumb/v7e-m+fp/hard\libm.a(lib_a-w_sqrt.o)
 .ARM.attributes
                0x0000000000000829       0x34 c:/st/stm32cubeide_1.6.1/stm32cubeide/plugins/com.st.stm32cube.ide.mcu.externaltools.gnu-tools-for-stm32.9-2020-q2-update.win32_1.5.0.202011040924/tools/bin/../lib/gcc/arm-none-eabi/9.3.1/../../../../arm-none-eabi/lib/thumb/v7e-m+fp/hard\libm.a(lib_a-e_pow.o)
 .ARM.attributes
                0x000000000000085d       0x34 c:/st/stm32cubeide_1.6.1/stm32cubeide/plugins/com.st.stm32cube.ide.mcu.externaltools.gnu-tools-for-stm32.9-2020-q2-update.win32_1.5.0.202011040924/tools/bin/../lib/gcc/arm-none-eabi/9.3.1/../../../../arm-none-eabi/lib/thumb/v7e-m+fp/hard\libm.a(lib_a-e_sqrt.o)
 .ARM.attributes
                0x0000000000000891       0x34 c:/st/stm32cubeide_1.6.1/stm32cubeide/plugins/com.st.stm32cube.ide.mcu.externaltools.gnu-tools-for-stm32.9-2020-q2-update.win32_1.5.0.202011040924/tools/bin/../lib/gcc/arm-none-eabi/9.3.1/../../../../arm-none-eabi/lib/thumb/v7e-m+fp/hard\libm.a(lib_a-s_finite.o)
 .ARM.attributes